
 Start         Length     Name                   Class
 0001:00401000 000DC470H .text                   CODE
 0002:004DE000 00000EA8H .itext                  ICODE
 0003:004DF000 0000421CH .data                   DATA
 0004:004E4000 00086D10H .bss                    BSS
 0005:00000000 00000044H .tls                    TLS


Detailed map of segments

 0001:00000000 00009121 C=CODE     S=.text    G=(none)   M=System   ACBP=A9
 0001:00009124 0000010D C=CODE     S=.text    G=(none)   M=SysInit  ACBP=A9
 0001:00009234 00000428 C=CODE     S=.text    G=(none)   M=Types    ACBP=A9
 0001:0000965C 00002535 C=CODE     S=.text    G=(none)   M=Windows  ACBP=A9
 0001:0000BB94 000001E1 C=CODE     S=.text    G=(none)   M=Messages ACBP=A9
 0001:0000BD78 000002E6 C=CODE     S=.text    G=(none)   M=ActiveX  ACBP=A9
 0001:0000C060 00000116 C=CODE     S=.text    G=(none)   M=CommCtrl ACBP=A9
 0001:0000C178 00000350 C=CODE     S=.text    G=(none)   M=SysConst ACBP=A9
 0001:0000C4C8 000001A8 C=CODE     S=.text    G=(none)   M=RTLConsts ACBP=A9
 0001:0000C670 00000230 C=CODE     S=.text    G=(none)   M=Character ACBP=A9
 0001:0000C8A0 00000131 C=CODE     S=.text    G=(none)   M=StrUtils ACBP=A9
 0001:0000C9D4 0000D8EB C=CODE     S=.text    G=(none)   M=SysUtils ACBP=A9
 0001:0001A2C0 000007D3 C=CODE     S=.text    G=(none)   M=VarUtils ACBP=A9
 0001:0001AA94 0000818C C=CODE     S=.text    G=(none)   M=Variants ACBP=A9
 0001:00022C20 0000180B C=CODE     S=.text    G=(none)   M=TypInfo  ACBP=A9
 0001:0002442C 0001A688 C=CODE     S=.text    G=(none)   M=Classes  ACBP=A9
 0001:0003EAB4 000002B0 C=CODE     S=.text    G=(none)   M=TimeSpan ACBP=A9
 0001:0003ED64 000014EB C=CODE     S=.text    G=(none)   M=SyncObjs ACBP=A9
 0001:00040250 00000D46 C=CODE     S=.text    G=(none)   M=UxTheme  ACBP=A9
 0001:00040F98 0000005B C=CODE     S=.text    G=(none)   M=Dwmapi   ACBP=A9
 0001:00040FF4 00001055 C=CODE     S=.text    G=(none)   M=Contnrs  ACBP=A9
 0001:0004204C 00001FDE C=CODE     S=.text    G=(none)   M=HelpIntfs ACBP=A9
 0001:0004402C 0000086B C=CODE     S=.text    G=(none)   M=MultiMon ACBP=A9
 0001:00044898 00000268 C=CODE     S=.text    G=(none)   M=Consts   ACBP=A9
 0001:00044B00 000000E4 C=CODE     S=.text    G=(none)   M=DateUtils ACBP=A9
 0001:00044BE4 000000FC C=CODE     S=.text    G=(none)   M=IOUtils  ACBP=A9
 0001:00044CE0 0000007F C=CODE     S=.text    G=(none)   M=IniFiles ACBP=A9
 0001:00044D60 000030A2 C=CODE     S=.text    G=(none)   M=Registry ACBP=A9
 0001:00047E04 0000D524 C=CODE     S=.text    G=(none)   M=Graphics ACBP=A9
 0001:00055328 0000178A C=CODE     S=.text    G=(none)   M=GraphUtil ACBP=A9
 0001:00056AB4 00003D52 C=CODE     S=.text    G=(none)   M=StdCtrls ACBP=A9
 0001:0005A808 00000026 C=CODE     S=.text    G=(none)   M=WinSpool ACBP=A9
 0001:0005A830 00001DDB C=CODE     S=.text    G=(none)   M=Printers ACBP=A9
 0001:0005C60C 00000013 C=CODE     S=.text    G=(none)   M=Clipbrd  ACBP=A9
 0001:0005C620 000003FF C=CODE     S=.text    G=(none)   M=ExtCtrls ACBP=A9
 0001:0005CA20 00000415 C=CODE     S=.text    G=(none)   M=ComCtrls ACBP=A9
 0001:0005CE38 000009E4 C=CODE     S=.text    G=(none)   M=Dialogs  ACBP=A9
 0001:0005D81C 00000189 C=CODE     S=.text    G=(none)   M=StdActns ACBP=A9
 0001:0005D9A8 00000387 C=CODE     S=.text    G=(none)   M=FlatSB   ACBP=A9
 0001:0005DD30 00009E75 C=CODE     S=.text    G=(none)   M=Menus    ACBP=A9
 0001:00067BA8 0001F5E4 C=CODE     S=.text    G=(none)   M=Controls ACBP=A9
 0001:0008718C 0000580E C=CODE     S=.text    G=(none)   M=Themes   ACBP=A9
 0001:0008C99C 00003961 C=CODE     S=.text    G=(none)   M=ImgList  ACBP=A9
 0001:00090300 0000235F C=CODE     S=.text    G=(none)   M=ActnList ACBP=A9
 0001:00092660 000156B5 C=CODE     S=.text    G=(none)   M=Forms    ACBP=A9
 0001:000A7D18 000000E6 C=CODE     S=.text    G=(none)   M=Cromis.Streams ACBP=A9
 0001:000A7E00 000000AE C=CODE     S=.text    G=(none)   M=Cromis.StringUtils ACBP=A9
 0001:000A7EB0 000017AF C=CODE     S=.text    G=(none)   M=Cromis.SimpleLog ACBP=A9
 0001:000A9660 00000AC8 C=CODE     S=.text    G=(none)   M=JclResources ACBP=A9
 0001:000AA128 00000237 C=CODE     S=.text    G=(none)   M=JclBase  ACBP=A9
 0001:000AA360 00001768 C=CODE     S=.text    G=(none)   M=JclWin32 ACBP=A9
 0001:000ABAC8 00000020 C=CODE     S=.text    G=(none)   M=ComConst ACBP=A9
 0001:000ABAE8 00001143 C=CODE     S=.text    G=(none)   M=ComObj   ACBP=A9
 0001:000ACC2C 00000024 C=CODE     S=.text    G=(none)   M=AnsiStrings ACBP=A9
 0001:000ACC50 00000007 C=CODE     S=.text    G=(none)   M=JclLogic ACBP=A9
 0001:000ACC58 00000E2D C=CODE     S=.text    G=(none)   M=JclStringConversions ACBP=A9
 0001:000ADA88 000027AD C=CODE     S=.text    G=(none)   M=JclCharsets ACBP=A9
 0001:000B0238 00000149 C=CODE     S=.text    G=(none)   M=JclAnsiStrings ACBP=A9
 0001:000B0384 00000403 C=CODE     S=.text    G=(none)   M=TlHelp32 ACBP=A9
 0001:000B0788 0000056D C=CODE     S=.text    G=(none)   M=PsAPI    ACBP=A9
 0001:000B0CF8 0000100E C=CODE     S=.text    G=(none)   M=JclStrings ACBP=A9
 0001:000B1D08 00000013 C=CODE     S=.text    G=(none)   M=JclShell ACBP=A9
 0001:000B1D1C 00000440 C=CODE     S=.text    G=(none)   M=JclRegistry ACBP=A9
 0001:000B215C 000010DA C=CODE     S=.text    G=(none)   M=JclSysInfo ACBP=A9
 0001:000B3238 0000287B C=CODE     S=.text    G=(none)   M=JclUnicode ACBP=A9
 0001:000B5AB4 0000028A C=CODE     S=.text    G=(none)   M=JclSynch ACBP=A9
 0001:000B5D40 000006CC C=CODE     S=.text    G=(none)   M=JclSysUtils ACBP=A9
 0001:000B640C 00000127 C=CODE     S=.text    G=(none)   M=JclDateTime ACBP=A9
 0001:000B6534 00002D11 C=CODE     S=.text    G=(none)   M=JclFileUtils ACBP=A9
 0001:000B9248 0000C8B4 C=CODE     S=.text    G=(none)   M=JclPeImage ACBP=A9
 0001:000C5AFC 0000477C C=CODE     S=.text    G=(none)   M=JclTD32  ACBP=A9
 0001:000CA278 00000D22 C=CODE     S=.text    G=(none)   M=JclHookExcept ACBP=A9
 0001:000CAF9C 00009141 C=CODE     S=.text    G=(none)   M=JclDebug ACBP=A9
 0001:000D40E0 000017B7 C=CODE     S=.text    G=(none)   M=AppEvnts ACBP=A9
 0001:000D5898 00000511 C=CODE     S=.text    G=(none)   M=Cromis.Exceptions ACBP=A9
 0001:000D5DAC 00000800 C=CODE     S=.text    G=(none)   M=SimpleLogDemo.MainForm ACBP=A9
 0001:000D65AC 00005EC4 C=CODE     S=.text    G=(none)   M=SimpleLogDemo ACBP=A9
 0002:00000000 000000AA C=ICODE    S=.itext   G=(none)   M=System   ACBP=A9
 0002:000000AC 00000016 C=ICODE    S=.itext   G=(none)   M=Windows  ACBP=A9
 0002:000000C4 000000B4 C=ICODE    S=.itext   G=(none)   M=SysUtils ACBP=A9
 0002:00000178 0000000F C=ICODE    S=.itext   G=(none)   M=VarUtils ACBP=A9
 0002:00000188 000000AA C=ICODE    S=.itext   G=(none)   M=Variants ACBP=A9
 0002:00000234 00000008 C=ICODE    S=.itext   G=(none)   M=TypInfo  ACBP=A9
 0002:0000023C 0000009D C=ICODE    S=.itext   G=(none)   M=Classes  ACBP=A9
 0002:000002DC 00000032 C=ICODE    S=.itext   G=(none)   M=TimeSpan ACBP=A9
 0002:00000310 0000000F C=ICODE    S=.itext   G=(none)   M=SyncObjs ACBP=A9
 0002:00000320 0000001B C=ICODE    S=.itext   G=(none)   M=UxTheme  ACBP=A9
 0002:0000033C 00000008 C=ICODE    S=.itext   G=(none)   M=HelpIntfs ACBP=A9
 0002:00000344 0000000F C=ICODE    S=.itext   G=(none)   M=MultiMon ACBP=A9
 0002:00000354 00000460 C=ICODE    S=.itext   G=(none)   M=IOUtils  ACBP=A9
 0002:000007B4 00000008 C=ICODE    S=.itext   G=(none)   M=IniFiles ACBP=A9
 0002:000007BC 00000008 C=ICODE    S=.itext   G=(none)   M=Registry ACBP=A9
 0002:000007C4 000000FB C=ICODE    S=.itext   G=(none)   M=Graphics ACBP=A9
 0002:000008C0 00000086 C=ICODE    S=.itext   G=(none)   M=GraphUtil ACBP=A9
 0002:00000948 00000008 C=ICODE    S=.itext   G=(none)   M=Printers ACBP=A9
 0002:00000950 00000078 C=ICODE    S=.itext   G=(none)   M=Clipbrd  ACBP=A9
 0002:000009C8 00000054 C=ICODE    S=.itext   G=(none)   M=ExtCtrls ACBP=A9
 0002:00000A1C 00000039 C=ICODE    S=.itext   G=(none)   M=ComCtrls ACBP=A9
 0002:00000A58 0000003D C=ICODE    S=.itext   G=(none)   M=Dialogs  ACBP=A9
 0002:00000A98 0000000F C=ICODE    S=.itext   G=(none)   M=FlatSB   ACBP=A9
 0002:00000AA8 00000085 C=ICODE    S=.itext   G=(none)   M=Menus    ACBP=A9
 0002:00000B30 00000088 C=ICODE    S=.itext   G=(none)   M=Controls ACBP=A9
 0002:00000BB8 00000008 C=ICODE    S=.itext   G=(none)   M=Themes   ACBP=A9
 0002:00000BC0 0000002A C=ICODE    S=.itext   G=(none)   M=ActnList ACBP=A9
 0002:00000BEC 0000005C C=ICODE    S=.itext   G=(none)   M=Forms    ACBP=A9
 0002:00000C48 00000008 C=ICODE    S=.itext   G=(none)   M=Cromis.SimpleLog ACBP=A9
 0002:00000C50 00000008 C=ICODE    S=.itext   G=(none)   M=JclResources ACBP=A9
 0002:00000C58 0000000F C=ICODE    S=.itext   G=(none)   M=JclBase  ACBP=A9
 0002:00000C68 00000055 C=ICODE    S=.itext   G=(none)   M=ComObj   ACBP=A9
 0002:00000CC0 00000014 C=ICODE    S=.itext   G=(none)   M=AnsiStrings ACBP=A9
 0002:00000CD4 00000008 C=ICODE    S=.itext   G=(none)   M=JclCharsets ACBP=A9
 0002:00000CDC 00000014 C=ICODE    S=.itext   G=(none)   M=JclAnsiStrings ACBP=A9
 0002:00000CF0 00000014 C=ICODE    S=.itext   G=(none)   M=JclStrings ACBP=A9
 0002:00000D04 00000008 C=ICODE    S=.itext   G=(none)   M=JclShell ACBP=A9
 0002:00000D0C 00000014 C=ICODE    S=.itext   G=(none)   M=JclRegistry ACBP=A9
 0002:00000D20 00000019 C=ICODE    S=.itext   G=(none)   M=JclSysInfo ACBP=A9
 0002:00000D3C 00000036 C=ICODE    S=.itext   G=(none)   M=JclUnicode ACBP=A9
 0002:00000D74 00000011 C=ICODE    S=.itext   G=(none)   M=JclSysUtils ACBP=A9
 0002:00000D88 00000008 C=ICODE    S=.itext   G=(none)   M=JclFileUtils ACBP=A9
 0002:00000D90 0000001B C=ICODE    S=.itext   G=(none)   M=JclHookExcept ACBP=A9
 0002:00000DAC 00000047 C=ICODE    S=.itext   G=(none)   M=JclDebug ACBP=A9
 0002:00000DF4 00000033 C=ICODE    S=.itext   G=(none)   M=AppEvnts ACBP=A9
 0002:00000E28 00000037 C=ICODE    S=.itext   G=(none)   M=Cromis.Exceptions ACBP=A9
 0002:00000E60 00000045 C=ICODE    S=.itext   G=(none)   M=SimpleLogDemo ACBP=A9
 0003:00000000 000009F4 C=DATA     S=.data    G=DGROUP   M=System   ACBP=A9
 0003:000009F4 00000024 C=DATA     S=.data    G=DGROUP   M=SysInit  ACBP=A9
 0003:00000A18 0000000C C=DATA     S=.data    G=DGROUP   M=Windows  ACBP=A9
 0003:00000A24 00000010 C=DATA     S=.data    G=DGROUP   M=ActiveX  ACBP=A9
 0003:00000A34 00000100 C=DATA     S=.data    G=DGROUP   M=Character ACBP=A9
 0003:00000B34 000002E0 C=DATA     S=.data    G=DGROUP   M=SysUtils ACBP=A9
 0003:00000E14 00000008 C=DATA     S=.data    G=DGROUP   M=VarUtils ACBP=A9
 0003:00000E1C 00000152 C=DATA     S=.data    G=DGROUP   M=Variants ACBP=A9
 0003:00000F70 0000000C C=DATA     S=.data    G=DGROUP   M=TypInfo  ACBP=A9
 0003:00000F7C 000000B8 C=DATA     S=.data    G=DGROUP   M=Classes  ACBP=A9
 0003:00001034 00000010 C=DATA     S=.data    G=DGROUP   M=IOUtils  ACBP=A9
 0003:00001044 0000000C C=DATA     S=.data    G=DGROUP   M=IniFiles ACBP=A9
 0003:00001050 00000024 C=DATA     S=.data    G=DGROUP   M=Registry ACBP=A9
 0003:00001074 000003C8 C=DATA     S=.data    G=DGROUP   M=Graphics ACBP=A9
 0003:0000143C 00000450 C=DATA     S=.data    G=DGROUP   M=GraphUtil ACBP=A9
 0003:0000188C 00000070 C=DATA     S=.data    G=DGROUP   M=StdCtrls ACBP=A9
 0003:000018FC 0000000C C=DATA     S=.data    G=DGROUP   M=Printers ACBP=A9
 0003:00001908 00000010 C=DATA     S=.data    G=DGROUP   M=ComCtrls ACBP=A9
 0003:00001918 0000007C C=DATA     S=.data    G=DGROUP   M=Dialogs  ACBP=A9
 0003:00001994 00000144 C=DATA     S=.data    G=DGROUP   M=Menus    ACBP=A9
 0003:00001AD8 000001BC C=DATA     S=.data    G=DGROUP   M=Controls ACBP=A9
 0003:00001C94 00000068 C=DATA     S=.data    G=DGROUP   M=Themes   ACBP=A9
 0003:00001CFC 00000048 C=DATA     S=.data    G=DGROUP   M=ImgList  ACBP=A9
 0003:00001D44 00000144 C=DATA     S=.data    G=DGROUP   M=Forms    ACBP=A9
 0003:00001E88 00000068 C=DATA     S=.data    G=DGROUP   M=JclResources ACBP=A9
 0003:00001EF0 0000000C C=DATA     S=.data    G=DGROUP   M=JclBase  ACBP=A9
 0003:00001EFC 00000020 C=DATA     S=.data    G=DGROUP   M=JclWin32 ACBP=A9
 0003:00001F1C 00000030 C=DATA     S=.data    G=DGROUP   M=ComObj   ACBP=A9
 0003:00001F4C 00000008 C=DATA     S=.data    G=DGROUP   M=AnsiStrings ACBP=A9
 0003:00001F54 0000000C C=DATA     S=.data    G=DGROUP   M=JclStringConversions ACBP=A9
 0003:00001F60 00000970 C=DATA     S=.data    G=DGROUP   M=JclCharsets ACBP=A9
 0003:000028D0 0000000C C=DATA     S=.data    G=DGROUP   M=JclAnsiStrings ACBP=A9
 0003:000028DC 00000014 C=DATA     S=.data    G=DGROUP   M=JclStrings ACBP=A9
 0003:000028F0 00000004 C=DATA     S=.data    G=DGROUP   M=JclShell ACBP=A9
 0003:000028F4 000000E0 C=DATA     S=.data    G=DGROUP   M=JclRegistry ACBP=A9
 0003:000029D4 0000073C C=DATA     S=.data    G=DGROUP   M=JclSysInfo ACBP=A9
 0003:00003110 00000744 C=DATA     S=.data    G=DGROUP   M=JclUnicode ACBP=A9
 0003:00003854 00000008 C=DATA     S=.data    G=DGROUP   M=JclSysUtils ACBP=A9
 0003:0000385C 0000000A C=DATA     S=.data    G=DGROUP   M=JclDateTime ACBP=A9
 0003:00003868 00000030 C=DATA     S=.data    G=DGROUP   M=JclFileUtils ACBP=A9
 0003:00003898 000000A1 C=DATA     S=.data    G=DGROUP   M=JclPeImage ACBP=A9
 0003:0000393C 0000009C C=DATA     S=.data    G=DGROUP   M=JclDebug ACBP=A9
 0003:000039D8 00000004 C=DATA     S=.data    G=DGROUP   M=AppEvnts ACBP=A9
 0004:00000000 00002C3C C=BSS      S=.bss     G=DGROUP   M=System   ACBP=A9
 0004:00002C3C 0000000C C=BSS      S=.bss     G=DGROUP   M=SysInit  ACBP=A9
 0004:00002C48 00000008 C=BSS      S=.bss     G=DGROUP   M=Windows  ACBP=A9
 0004:00002C50 0000001C C=BSS      S=.bss     G=DGROUP   M=Character ACBP=A9
 0004:00002C6C 00002240 C=BSS      S=.bss     G=DGROUP   M=SysUtils ACBP=A9
 0004:00004EAC 0000005C C=BSS      S=.bss     G=DGROUP   M=VarUtils ACBP=A9
 0004:00004F08 00000040 C=BSS      S=.bss     G=DGROUP   M=Variants ACBP=A9
 0004:00004F48 00000004 C=BSS      S=.bss     G=DGROUP   M=TypInfo  ACBP=A9
 0004:00004F4C 00000048 C=BSS      S=.bss     G=DGROUP   M=Classes  ACBP=A9
 0004:00004F94 00000014 C=BSS      S=.bss     G=DGROUP   M=TimeSpan ACBP=A9
 0004:00004FA8 00000018 C=BSS      S=.bss     G=DGROUP   M=SyncObjs ACBP=A9
 0004:00004FC0 000000CC C=BSS      S=.bss     G=DGROUP   M=UxTheme  ACBP=A9
 0004:0000508C 00000008 C=BSS      S=.bss     G=DGROUP   M=HelpIntfs ACBP=A9
 0004:00005094 00000031 C=BSS      S=.bss     G=DGROUP   M=MultiMon ACBP=A9
 0004:000050C8 00000024 C=BSS      S=.bss     G=DGROUP   M=IOUtils  ACBP=A9
 0004:000050EC 00000004 C=BSS      S=.bss     G=DGROUP   M=IniFiles ACBP=A9
 0004:000050F0 00000004 C=BSS      S=.bss     G=DGROUP   M=Registry ACBP=A9
 0004:000050F4 00000064 C=BSS      S=.bss     G=DGROUP   M=Graphics ACBP=A9
 0004:00005158 00000010 C=BSS      S=.bss     G=DGROUP   M=GraphUtil ACBP=A9
 0004:00005168 00000004 C=BSS      S=.bss     G=DGROUP   M=Printers ACBP=A9
 0004:0000516C 0000000C C=BSS      S=.bss     G=DGROUP   M=Clipbrd  ACBP=A9
 0004:00005178 00000008 C=BSS      S=.bss     G=DGROUP   M=ExtCtrls ACBP=A9
 0004:00005180 00000010 C=BSS      S=.bss     G=DGROUP   M=ComCtrls ACBP=A9
 0004:00005190 0000000C C=BSS      S=.bss     G=DGROUP   M=Dialogs  ACBP=A9
 0004:0000519C 00000034 C=BSS      S=.bss     G=DGROUP   M=FlatSB   ACBP=A9
 0004:000051D0 00000010 C=BSS      S=.bss     G=DGROUP   M=Menus    ACBP=A9
 0004:000051E0 0000008C C=BSS      S=.bss     G=DGROUP   M=Controls ACBP=A9
 0004:0000526C 0000000C C=BSS      S=.bss     G=DGROUP   M=Themes   ACBP=A9
 0004:00005278 00000008 C=BSS      S=.bss     G=DGROUP   M=ImgList  ACBP=A9
 0004:00005280 00000004 C=BSS      S=.bss     G=DGROUP   M=ActnList ACBP=A9
 0004:00005284 00000028 C=BSS      S=.bss     G=DGROUP   M=Forms    ACBP=A9
 0004:000052AC 00000008 C=BSS      S=.bss     G=DGROUP   M=Cromis.SimpleLog ACBP=A9
 0004:000052B4 00000004 C=BSS      S=.bss     G=DGROUP   M=JclResources ACBP=A9
 0004:000052B8 00000008 C=BSS      S=.bss     G=DGROUP   M=JclBase  ACBP=A9
 0004:000052C0 00000011 C=BSS      S=.bss     G=DGROUP   M=ComObj   ACBP=A9
 0004:000052D4 00000004 C=BSS      S=.bss     G=DGROUP   M=AnsiStrings ACBP=A9
 0004:000052D8 00000004 C=BSS      S=.bss     G=DGROUP   M=JclCharsets ACBP=A9
 0004:000052DC 00000504 C=BSS      S=.bss     G=DGROUP   M=JclAnsiStrings ACBP=A9
 0004:000057E0 00000054 C=BSS      S=.bss     G=DGROUP   M=TlHelp32 ACBP=A9
 0004:00005834 00000060 C=BSS      S=.bss     G=DGROUP   M=PsAPI    ACBP=A9
 0004:00005894 00080004 C=BSS      S=.bss     G=DGROUP   M=JclStrings ACBP=A9
 0004:00085898 00000004 C=BSS      S=.bss     G=DGROUP   M=JclShell ACBP=A9
 0004:0008589C 00000004 C=BSS      S=.bss     G=DGROUP   M=JclRegistry ACBP=A9
 0004:000858A0 00000010 C=BSS      S=.bss     G=DGROUP   M=JclSysInfo ACBP=A9
 0004:000858B0 00001418 C=BSS      S=.bss     G=DGROUP   M=JclUnicode ACBP=A9
 0004:00086CC8 00000008 C=BSS      S=.bss     G=DGROUP   M=JclSysUtils ACBP=A9
 0004:00086CD0 00000004 C=BSS      S=.bss     G=DGROUP   M=JclFileUtils ACBP=A9
 0004:00086CD4 00000014 C=BSS      S=.bss     G=DGROUP   M=JclHookExcept ACBP=A9
 0004:00086CE8 00000018 C=BSS      S=.bss     G=DGROUP   M=JclDebug ACBP=A9
 0004:00086D00 00000004 C=BSS      S=.bss     G=DGROUP   M=AppEvnts ACBP=A9
 0004:00086D04 00000008 C=BSS      S=.bss     G=DGROUP   M=Cromis.Exceptions ACBP=A9
 0004:00086D0C 00000004 C=BSS      S=.bss     G=DGROUP   M=SimpleLogDemo.MainForm ACBP=A9
 0005:00000000 00000008 C=TLS      S=.tls     G=(none)   M=System   ACBP=A9
 0005:00000008 0000000C C=TLS      S=.tls     G=(none)   M=Classes  ACBP=A9
 0005:00000014 00000004 C=TLS      S=.tls     G=(none)   M=SyncObjs ACBP=A9
 0005:00000018 00000024 C=TLS      S=.tls     G=(none)   M=GraphUtil ACBP=A9
 0005:0000003C 00000008 C=TLS      S=.tls     G=(none)   M=JclHookExcept ACBP=A9


  Address             Publics by Name

 0001:0000C030       ActiveX.CoInitialize
 0001:0000C038       ActiveX.CoUninitialize
 0001:0000C058       ActiveX.GetErrorInfo
 0003:00000A24       ActiveX.GUID_NULL
 0001:0000C040       ActiveX.OleInitialize
 0001:0000C048       ActiveX.OleUninitialize
 0001:0000C050       ActiveX.SysFreeString
 0004:00005280       ActnList..9
 0001:000914E8       ActnList..TActionLink
 0001:00090608       ActnList..TActionListEnumerator
 0001:00090300       ActnList..TContainedAction
 0001:00090EB4       ActnList..TCustomAction
 0001:00090878       ActnList..TCustomActionList
 0001:00090C8C       ActnList..TShortCutList
 0002:00000BC0       ActnList.ActnList
 0001:00092658       ActnList.Finalization
 0001:00091CA0       ActnList.TActionLink.IsCaptionLinked
 0001:00091CB4       ActnList.TActionLink.IsCheckedLinked
 0001:00091CC8       ActnList.TActionLink.IsEnabledLinked
 0001:00091CDC       ActnList.TActionLink.IsGroupIndexLinked
 0001:00091CF0       ActnList.TActionLink.IsHelpContextLinked
 0001:00091D04       ActnList.TActionLink.IsHelpLinked
 0001:00091D18       ActnList.TActionLink.IsHintLinked
 0001:00091D2C       ActnList.TActionLink.IsImageIndexLinked
 0001:00091D40       ActnList.TActionLink.IsShortCutLinked
 0001:00091D54       ActnList.TActionLink.IsVisibleLinked
 0001:00091D68       ActnList.TActionLink.SetAutoCheck
 0001:00091D6C       ActnList.TActionLink.SetCaption
 0001:00091D70       ActnList.TActionLink.SetChecked
 0001:00091D74       ActnList.TActionLink.SetEnabled
 0001:00091D78       ActnList.TActionLink.SetGroupIndex
 0001:00091D7C       ActnList.TActionLink.SetHelpContext
 0001:00091D80       ActnList.TActionLink.SetHelpKeyword
 0001:00091D84       ActnList.TActionLink.SetHelpType
 0001:00091D88       ActnList.TActionLink.SetHint
 0001:00091D8C       ActnList.TActionLink.SetImageIndex
 0001:00091D90       ActnList.TActionLink.SetShortCut
 0001:00091D94       ActnList.TActionLink.SetVisible
 0001:00091804       ActnList.TActionListEnumerator.Create
 0001:00091848       ActnList.TActionListEnumerator.GetCurrent
 0001:00091854       ActnList.TActionListEnumerator.MoveNext
 0001:000915F0       ActnList.TContainedAction.Destroy
 0001:0009175C       ActnList.TContainedAction.Execute
 0001:00091624       ActnList.TContainedAction.GetIndex
 0001:00091640       ActnList.TContainedAction.GetParentComponent
 0001:00091650       ActnList.TContainedAction.HasParent
 0001:0009163C       ActnList.TContainedAction.IsCategoryStored
 0001:00091660       ActnList.TContainedAction.ReadState
 0001:00091708       ActnList.TContainedAction.SetActionList
 0001:000916DC       ActnList.TContainedAction.SetCategory
 0001:00091694       ActnList.TContainedAction.SetIndex
 0001:00091730       ActnList.TContainedAction.SetParentComponent
 0001:000917B4       ActnList.TContainedAction.Update
 0001:00091E44       ActnList.TCustomAction.AssignTo
 0001:00091D98       ActnList.TCustomAction.Create
 0001:00091DEC       ActnList.TCustomAction.Destroy
 0001:000924D0       ActnList.TCustomAction.DoHint
 0001:000924F8       ActnList.TCustomAction.Execute
 0001:0009255C       ActnList.TCustomAction.GetSecondaryShortCuts
 0001:000925DC       ActnList.TCustomAction.HandleShortCut
 0001:000925B8       ActnList.TCustomAction.IsSecondaryShortCutsStored
 0001:00091F50       ActnList.TCustomAction.SetAutoCheck
 0001:00091FB0       ActnList.TCustomAction.SetCaption
 0001:00092010       ActnList.TCustomAction.SetChecked
 0001:00092118       ActnList.TCustomAction.SetEnabled
 0001:00092194       ActnList.TCustomAction.SetGroupIndex
 0001:000922AC       ActnList.TCustomAction.SetHelpContext
 0001:00092244       ActnList.TCustomAction.SetHelpKeyword
 0001:000921EC       ActnList.TCustomAction.SetHelpType
 0001:00092304       ActnList.TCustomAction.SetHint
 0001:00092364       ActnList.TCustomAction.SetImageIndex
 0001:00092484       ActnList.TCustomAction.SetName
 0001:00092584       ActnList.TCustomAction.SetSecondaryShortCuts
 0001:000923C0       ActnList.TCustomAction.SetShortCut
 0001:00092424       ActnList.TCustomAction.SetVisible
 0001:00091A68       ActnList.TCustomActionList.AddAction
 0001:00091AB0       ActnList.TCustomActionList.Change
 0001:00091870       ActnList.TCustomActionList.Create
 0001:000918DC       ActnList.TCustomActionList.Destroy
 0001:00091BBC       ActnList.TCustomActionList.ExecuteAction
 0001:000919AC       ActnList.TCustomActionList.GetAction
 0001:000919C0       ActnList.TCustomActionList.GetActionCount
 0001:00091934       ActnList.TCustomActionList.GetChildren
 0001:000919C8       ActnList.TCustomActionList.GetEnumerator
 0001:00091A0C       ActnList.TCustomActionList.ImageListChange
 0001:00091B18       ActnList.TCustomActionList.IsShortCut
 0001:00091A18       ActnList.TCustomActionList.Notification
 0001:00091A88       ActnList.TCustomActionList.RemoveAction
 0001:0009197C       ActnList.TCustomActionList.SetChildOrder
 0001:000919D8       ActnList.TCustomActionList.SetImages
 0001:00091BFC       ActnList.TCustomActionList.SetState
 0001:00091BDC       ActnList.TCustomActionList.UpdateAction
 0001:000925E8       ActnList.TShortCutList.Add
 0001:00092614       ActnList.TShortCutList.IndexOfShortCut
 0004:000052D4       AnsiStrings..1
 0002:00000CC0       AnsiStrings.AnsiStrings
 0001:000ACC2C       AnsiStrings.Finalization
 0003:00001F4C       AnsiStrings.FormatErrorStrs
 0004:00086D00       AppEvnts..3
 0001:000D43E4       AppEvnts..TApplicationEvents
 0001:000D40E0       AppEvnts..TCustomApplicationEvents
 0001:000D477C       AppEvnts..TMultiCaster
 0002:00000DF4       AppEvnts.AppEvnts
 0001:000D5890       AppEvnts.Finalization
 0003:000039D8       AppEvnts.MultiCaster
 0001:000D4A50       AppEvnts.TCustomApplicationEvents.Activate
 0001:000D4A68       AppEvnts.TCustomApplicationEvents.CancelDispatch
 0001:000D4A7C       AppEvnts.TCustomApplicationEvents.Create
 0001:000D4AC8       AppEvnts.TCustomApplicationEvents.DoActionExecute
 0001:000D4ADC       AppEvnts.TCustomApplicationEvents.DoActionUpdate
 0001:000D4AF0       AppEvnts.TCustomApplicationEvents.DoActivate
 0001:000D4B04       AppEvnts.TCustomApplicationEvents.DoDeactivate
 0001:000D4B18       AppEvnts.TCustomApplicationEvents.DoException
 0001:000D4B48       AppEvnts.TCustomApplicationEvents.DoHelp
 0001:000D4B68       AppEvnts.TCustomApplicationEvents.DoHint
 0001:000D4BE0       AppEvnts.TCustomApplicationEvents.DoIdle
 0001:000D4BF4       AppEvnts.TCustomApplicationEvents.DoMessage
 0001:000D4C08       AppEvnts.TCustomApplicationEvents.DoMinimize
 0001:000D4CB0       AppEvnts.TCustomApplicationEvents.DoModalBegin
 0001:000D4CCC       AppEvnts.TCustomApplicationEvents.DoModalEnd
 0001:000D4C24       AppEvnts.TCustomApplicationEvents.DoRestore
 0001:000D4C84       AppEvnts.TCustomApplicationEvents.DoSettingChange
 0001:000D4C40       AppEvnts.TCustomApplicationEvents.DoShortcut
 0001:000D4C5C       AppEvnts.TCustomApplicationEvents.DoShowHint
 0001:000D4CE8       AppEvnts.TMultiCaster.Activate
 0001:000D4D30       AppEvnts.TMultiCaster.AddAppEvent
 0001:000D4D54       AppEvnts.TMultiCaster.BeginDispatch
 0001:000D4D58       AppEvnts.TMultiCaster.CancelDispatch
 0001:000D4D60       AppEvnts.TMultiCaster.CheckDispatching
 0001:000D4D74       AppEvnts.TMultiCaster.Create
 0001:000D4EEC       AppEvnts.TMultiCaster.Destroy
 0001:000D5028       AppEvnts.TMultiCaster.DoActionExecute
 0001:000D50A4       AppEvnts.TMultiCaster.DoActionUpdate
 0001:000D5120       AppEvnts.TMultiCaster.DoActivate
 0001:000D5194       AppEvnts.TMultiCaster.DoDeactivate
 0001:000D5208       AppEvnts.TMultiCaster.DoException
 0001:000D52C4       AppEvnts.TMultiCaster.DoHelp
 0001:000D5364       AppEvnts.TMultiCaster.DoHint
 0001:000D53D8       AppEvnts.TMultiCaster.DoIdle
 0001:000D5454       AppEvnts.TMultiCaster.DoMessage
 0001:000D54D0       AppEvnts.TMultiCaster.DoMinimize
 0001:000D57A8       AppEvnts.TMultiCaster.DoModalBegin
 0001:000D581C       AppEvnts.TMultiCaster.DoModalEnd
 0001:000D5544       AppEvnts.TMultiCaster.DoRestore
 0001:000D56B4       AppEvnts.TMultiCaster.DoSettingChange
 0001:000D55B8       AppEvnts.TMultiCaster.DoShortcut
 0001:000D5634       AppEvnts.TMultiCaster.DoShowHint
 0001:000D5738       AppEvnts.TMultiCaster.EndDispatch
 0001:000D578C       AppEvnts.TMultiCaster.GetAppEvents
 0001:000D57A0       AppEvnts.TMultiCaster.GetCount
 0004:00002C5C       Character.CategoryTable
 0004:00002C54       Character.CatIndexPrimary
 0004:00002C58       Character.CatIndexSecondary
 0004:00002C50       Character.DataTable
 0003:00000A34       Character.Latin1Categories
 0004:00002C68       Character.NumericValueTable
 0004:00002C60       Character.NumIndexPrimary
 0004:00002C64       Character.NumIndexSecondary
 0001:0000C670       Character.TCharacter.CheckLetter
 0001:0000C67C       Character.TCharacter.CheckLetterOrDigit
 0001:0000C798       Character.TCharacter.GetUnicodeCategory
 0001:0000C7F8       Character.TCharacter.Initialize
 0001:0000C78C       Character.TCharacter.IsAscii
 0001:0000C68C       Character.TCharacter.IsLatin1
 0001:0000C698       Character.TCharacter.IsLetter
 0001:0000C724       Character.TCharacter.IsLetterOrDigit
 0004:00004F5C       Classes..66
 0001:00024D60       Classes..EBitsError
 0001:00024AF8       Classes..EClassNotFound
 0001:00024E98       Classes..EComponentError
 0001:00024800       Classes..EFCreateError
 0001:00024934       Classes..EFilerError
 0001:00024704       Classes..EFileStreamError
 0001:0002489C       Classes..EFOpenError
 0001:00024B94       Classes..EInvalidImage
 0001:00024FD8       Classes..EInvalidOperation
 0001:00024CCC       Classes..EListError
 0001:00024F38       Classes..EOutOfResources
 0001:000249CC       Classes..EReadError
 0001:00024C30       Classes..EResNotFound
 0001:00024668       Classes..EStreamError
 0001:00024DF4       Classes..EStringListError
 0001:0002BEBC       Classes..EThread
 0001:00024A60       Classes..EWriteError
 0001:0002D864       Classes..TBasicAction
 0001:0002D648       Classes..TBasicActionLink
 0001:00025D80       Classes..TBits
 0001:000297BC       Classes..TClassFinder
 0001:00026604       Classes..TCollection
 0001:00026460       Classes..TCollectionEnumerator
 0001:000261F4       Classes..TCollectionItem
 0001:0002CD00       Classes..TComponent
 0001:0003D6EC       Classes..TComponent.FindComponent$ActRec
 0001:0002C8A8       Classes..TComponentEnumerator
 0001:00028A00       Classes..TCustomMemoryStream
 0001:00029B90       Classes..TFiler
 0001:0002881C       Classes..TFileStream
 0001:00028604       Classes..THandleStream
 0001:0002F718       Classes..TIntConst
 0001:00026080       Classes..TInterfacedPersistent
 0001:000253B4       Classes..TList
 0001:00030644       Classes..TList.Sort$ActRec
 0001:000251E0       Classes..TListEnumerator
 0001:00028C48       Classes..TMemoryStream
 0001:00025EB8       Classes..TPersistent
 0001:00034A04       Classes..TPropFixup
 0001:00034C30       Classes..TPropIntfFixup
 0001:0002A5A8       Classes..TReader
 0001:0002DDF8       Classes..TRegGroup
 0001:0002E258       Classes..TRegGroups
 0001:00028E90       Classes..TResourceStream
 0001:00027FF8       Classes..TStream
 0001:00029210       Classes..TStreamAdapter
 0001:0002797C       Classes..TStringList
 0001:00026D04       Classes..TStrings
 0001:00026B5C       Classes..TStringsEnumerator
 0001:0002C0B0       Classes..TThread
 0001:00025AC8       Classes..TThreadList
 0001:0002B4B0       Classes..TWriter
 0001:0002F6A4       Classes.ActivateClassGroup
 0003:00000F7C       Classes.AddDataModule
 0001:00034F5C       Classes.AddFinished
 0001:00034F94       Classes.AddNotFinished
 0001:00035C00       Classes.AddSubComponentsToLoaded
 0001:0003E858       Classes.AllocateHWnd
 0001:0003919C       Classes.AncestorIsValid
 0003:00000F8C       Classes.ApplicationHandleException
 0003:00000F94       Classes.ApplicationShowException
 0001:0002FB84       Classes.BeginGlobalLoading
 0001:0003ABE8       Classes.BinToHex
 0003:00000FE4       Classes.Blanks
 0003:00001008       Classes.BlockCode
 0001:0002DDBC       Classes.Bounds
 0001:0003E6B8       Classes.CalcJmpOffset
 0001:00035C3C       Classes.CheckSubComponents
 0001:0003BFA4       Classes.CheckSynchronize
 0002:0000024C       Classes.Classes
 0001:0002F3E8       Classes.ClassNotFound
 0001:0003E76C       Classes.CleanupInstFreeList
 0001:0002FE24       Classes.CollectionsEqual
 0001:00035D1C       Classes.ComponentCreated
 0003:00000FD4       Classes.Convert
 0001:0003AFEC       Classes.ConvertBinary
 0001:0003ADE8       Classes.ConvertHeader
 0001:0003BC7C       Classes.ConvertObject
 0001:0003BBC8       Classes.ConvertProperty
 0001:0003B0C4       Classes.ConvertValue
 0001:00037C3C       Classes.CopyBinary
 0001:00037BAC       Classes.CopyBytes
 0001:00037B60       Classes.CopyList
 0001:00037AD8       Classes.CopySetBody
 0001:00035D9C       Classes.CreateComponent
 0003:00000F9C       Classes.CreateVCLComObjectProc
 0001:0003E90C       Classes.DeallocateHWnd
 0001:0003BECC       Classes.DoneThreadSynchronization
 0001:00031C88       Classes.DoWrite
 0003:00000FAC       Classes.Dummy32bitResHeader
 0001:0003E934       Classes.EFileStreamError.Create
 0001:0002FC0C       Classes.EndGlobalLoading
 0001:0002EE8C       Classes.Error
 0001:0003483C       Classes.Error
 0004:00004F88       Classes.ExternalThreads
 0003:00000FA8       Classes.FilerSignature
 0001:0003E9E4       Classes.Finalization
 0001:0003888C       Classes.FindAncestor
 0001:0002F4C0       Classes.FindClass
 0001:00035F4C       Classes.FindExistingComponent
 0001:0002FA9C       Classes.FindGlobalComponent
 0004:00004F68       Classes.FindGlobalComponentProcs
 0001:0002F940       Classes.FindIdentToInt
 0001:0002F8C4       Classes.FindIntToIdent
 0001:00039610       Classes.FindMethodName
 0001:00034E64       Classes.FindNestedComponent
 0001:00036FC8       Classes.FindUniqueName
 0001:0003BEE4       Classes.FreeExternalThreads
 0001:0003E618       Classes.FreeIntConstList
 0001:0003E758       Classes.FreeObjectInstance
 0001:0002F454       Classes.GetClass
 0001:00039D04       Classes.GetComponentValue
 0001:000310E4       Classes.GetDesigner
 0001:0002F3DC       Classes.GetFieldClassTable
 0001:0003E7A8       Classes.GetFreeInstBlockItemCount
 0004:00004F6C       Classes.GlobalFixupList
 0001:00034FDC       Classes.GlobalFixupReferences
 0005:00000010       Classes.GlobalLists
 0005:0000000C       Classes.GlobalLoaded
 0004:00004F50       Classes.GlobalNameSpace
 0001:0002F638       Classes.GroupDescendentsWith
 0001:0003675C       Classes.HandleException
 0001:0002F9BC       Classes.IdentToInt
 0001:0002FC68       Classes.InitComponent
 0001:0002FCF4       Classes.InitInheritedComponent
 0001:0003BE98       Classes.InitThreadSynchronization
 0004:00004F8C       Classes.InstBlockList
 0004:00004F90       Classes.InstFreeList
 0004:00004F60       Classes.IntConstList
 0001:0002FB00       Classes.InternalReadComponentRes
 0001:0002FA00       Classes.IntToIdent
 0001:0002DDE4       Classes.InvalidPoint
 0001:00039390       Classes.IsDefault
 0001:0003920C       Classes.IsDefaultFloatProp
 0001:00039268       Classes.IsDefaultInt64Prop
 0001:00039534       Classes.IsDefaultInterfaceProp
 0001:00039668       Classes.IsDefaultMethodProp
 0001:000393E8       Classes.IsDefaultObjectProp
 0001:000391B4       Classes.IsDefaultOrdProp
 0001:000397A0       Classes.IsDefaultPropertyValue
 0001:000392C0       Classes.IsDefaultStrProp
 0001:00039468       Classes.IsDefaultValue
 0001:00039708       Classes.IsDefaultVariantProp
 0001:0002FADC       Classes.IsUniqueGlobalComponentName
 0004:00004F54       Classes.IsUniqueGlobalComponentNameProc
 0001:0003E6C0       Classes.MakeObjectInstance
 0001:00030D34       Classes.Min
 0001:0003E690       Classes.ModuleUnload
 0001:0003ADB8       Classes.NewLine
 0003:00000FCC       Classes.NilMethod
 0001:00031188       Classes.NotifyDesigner
 0001:0002FBDC       Classes.NotifyGlobalLoading
 0001:00039350       Classes.ObjectAncestorMatch
 0001:0003BD0C       Classes.ObjectBinaryToText
 0001:00039CEC       Classes.OwnedBy
 0001:0002DD74       Classes.Point
 0003:00000FEC       Classes.Priorities
 0001:0003531C       Classes.PropertyNotFound
 0001:0003682C       Classes.PropPathError
 0001:00035310       Classes.PropValueError
 0001:0003050C       Classes.QuickSort
 0001:000339F4       Classes.RaiseException
 0001:00038124       Classes.ReadCustomVariant
 0001:000352F8       Classes.ReadError
 0001:00035D3C       Classes.Recover
 0001:0002DD94       Classes.Rect
 0004:00004F64       Classes.RegGroups
 0001:0002F4E0       Classes.RegisterClass
 0001:0002FA44       Classes.RegisterFindGlobalComponentProc
 0001:0002F898       Classes.RegisterIntegerConsts
 0001:0003E7D8       Classes.ReleaseObjectInstanceBlocks
 0003:00000F84       Classes.RemoveDataModule
 0001:000351B0       Classes.RemoveFixupReferences
 0001:00035264       Classes.RemoveFixups
 0001:00035660       Classes.RemoveGlobalFixup
 0001:0003BF70       Classes.ResetSyncEvent
 0001:00030088       Classes.ReturnAddr
 0001:00031DF4       Classes.ReturnAddr
 0001:00035EAC       Classes.SetCompName
 0001:00035348       Classes.SetElementValue
 0001:00036BA4       Classes.SetInterfaceReference
 0001:00036AC0       Classes.SetIntIdent
 0001:00036B08       Classes.SetObjectIdent
 0001:00035CB4       Classes.SetSubComponentState
 0001:00036B48       Classes.SetVariantReference
 0001:0003BF98       Classes.SignalSyncEvent
 0001:00037894       Classes.SkipBinary
 0001:000378C4       Classes.SkipCollection
 0001:00037868       Classes.SkipList
 0001:0002F5D0       Classes.StartClassGroup
 0001:0003E698       Classes.StdWndProc
 0001:000337E0       Classes.StringListCompareStrings
 0004:00004F58       Classes.SyncEvent
 0003:00000FE8       Classes.SyncList
 0001:0003E084       Classes.TBasicAction.Change
 0001:0003DF10       Classes.TBasicAction.Create
 0001:0003DF54       Classes.TBasicAction.Destroy
 0001:0003DFF0       Classes.TBasicAction.Execute
 0001:0003DFC0       Classes.TBasicAction.ExecuteTarget
 0001:0003DFBC       Classes.TBasicAction.HandlesTarget
 0001:0003DFC4       Classes.TBasicAction.Notification
 0001:0003E098       Classes.TBasicAction.RegisterChanges
 0001:0003E0E4       Classes.TBasicAction.SetActionComponent
 0001:0003E028       Classes.TBasicAction.SetOnExecute
 0001:0003E0A4       Classes.TBasicAction.UnRegisterChanges
 0001:0003E00C       Classes.TBasicAction.Update
 0001:0003DFEC       Classes.TBasicAction.UpdateTarget
 0001:0003DE60       Classes.TBasicActionLink.AssignClient
 0001:0003DE98       Classes.TBasicActionLink.Change
 0001:0003DE1C       Classes.TBasicActionLink.Create
 0001:0003DE64       Classes.TBasicActionLink.Destroy
 0001:0003DEB0       Classes.TBasicActionLink.Execute
 0001:0003DEF8       Classes.TBasicActionLink.IsOnExecuteLinked
 0001:0003DECC       Classes.TBasicActionLink.SetAction
 0001:0003DEFC       Classes.TBasicActionLink.SetOnExecute
 0001:0003DF04       Classes.TBasicActionLink.Update
 0001:00030CEC       Classes.TBits.Destroy
 0001:00030D1C       Classes.TBits.Error
 0001:00030E10       Classes.TBits.OpenBit
 0001:00030DE4       Classes.TBits.SetBit
 0001:00030D40       Classes.TBits.SetSize
 0001:0002F148       Classes.TClassFinder.Create
 0001:0002F288       Classes.TClassFinder.Destroy
 0001:0002F2B8       Classes.TClassFinder.GetClass
 0001:0002F354       Classes.TClassFinder.GetClasses
 0001:000314B8       Classes.TCollection.Add
 0001:000319D4       Classes.TCollection.Added
 0001:000314D8       Classes.TCollection.Assign
 0001:00031580       Classes.TCollection.BeginUpdate
 0001:00031584       Classes.TCollection.Changed
 0001:00031594       Classes.TCollection.Clear
 0001:00031420       Classes.TCollection.Create
 0001:00031998       Classes.TCollection.Delete
 0001:000319D8       Classes.TCollection.Deleting
 0001:0003146C       Classes.TCollection.Destroy
 0001:000315FC       Classes.TCollection.EndUpdate
 0001:00031608       Classes.TCollection.FindItemID
 0001:0003163C       Classes.TCollection.GetAttr
 0001:00031638       Classes.TCollection.GetAttrCount
 0001:0003165C       Classes.TCollection.GetCapacity
 0001:00031684       Classes.TCollection.GetCount
 0001:0003164C       Classes.TCollection.GetEnumerator
 0001:0003168C       Classes.TCollection.GetItem
 0001:00031664       Classes.TCollection.GetItemAttr
 0001:000316A0       Classes.TCollection.GetNamePath
 0001:00031754       Classes.TCollection.GetPropName
 0001:000318A8       Classes.TCollection.Insert
 0001:000318C4       Classes.TCollection.InsertItem
 0001:000319DC       Classes.TCollection.Notify
 0001:000319C8       Classes.TCollection.Owner
 0001:0003192C       Classes.TCollection.RemoveItem
 0001:00031980       Classes.TCollection.SetCapacity
 0001:00031990       Classes.TCollection.SetItemName
 0001:00031994       Classes.TCollection.Update
 0001:000313B4       Classes.TCollectionEnumerator.Create
 0001:000313F8       Classes.TCollectionEnumerator.GetCurrent
 0001:00031404       Classes.TCollectionEnumerator.MoveNext
 0001:00031254       Classes.TCollectionItem.Changed
 0001:000311EC       Classes.TCollectionItem.Create
 0001:00031224       Classes.TCollectionItem.Destroy
 0001:00031290       Classes.TCollectionItem.GetDisplayName
 0001:00031278       Classes.TCollectionItem.GetIndex
 0001:000312A4       Classes.TCollectionItem.GetNamePath
 0001:00031350       Classes.TCollectionItem.GetOwner
 0001:00031354       Classes.TCollectionItem.SetCollection
 0001:0003137C       Classes.TCollectionItem.SetDisplayName
 0001:00031384       Classes.TCollectionItem.SetIndex
 0001:0003D914       Classes.TComponent.AddSortedComponent
 0001:0003D130       Classes.TComponent.BeforeDestruction
 0001:0003D9C8       Classes.TComponent.ChangeName
 0001:0003D09C       Classes.TComponent.Create
 0001:0003D4DC       Classes.TComponent.DefineProperties
 0001:0003D0E8       Classes.TComponent.Destroy
 0001:0003D360       Classes.TComponent.DestroyComponents
 0001:0003D3CC       Classes.TComponent.Destroying
 0001:0003DB24       Classes.TComponent.ExecuteAction
 0001:0003D7B0       Classes.TComponent.FindComponent
 0001:0003D7A4       Classes.TComponent.FindComponent$ActRec.$0$Body
 0001:0003D89C       Classes.TComponent.FindSortedComponent
 0001:0003D17C       Classes.TComponent.FreeNotification
 0001:0003DC58       Classes.TComponent.FreeOnRelease
 0001:0003D580       Classes.TComponent.GetChildOwner
 0001:0003D584       Classes.TComponent.GetChildParent
 0001:0003D578       Classes.TComponent.GetChildren
 0001:0003DB88       Classes.TComponent.GetComObject
 0001:0003DA1C       Classes.TComponent.GetComponent
 0001:0003DA48       Classes.TComponent.GetComponentCount
 0001:0003DA00       Classes.TComponent.GetComponentIndex
 0001:0003D588       Classes.TComponent.GetEnumerator
 0001:0003D598       Classes.TComponent.GetNamePath
 0001:0003D5AC       Classes.TComponent.GetOwner
 0001:0003D5B4       Classes.TComponent.GetParentComponent
 0001:0003D574       Classes.TComponent.HasParent
 0001:0003D210       Classes.TComponent.Insert
 0001:0003D2C4       Classes.TComponent.InsertComponent
 0001:0003DCF0       Classes.TComponent.IntfGetComponent
 0001:0003DCF4       Classes.TComponent.IsImplementorOf
 0001:0003D5D4       Classes.TComponent.Loaded
 0001:0003D47C       Classes.TComponent.Notification
 0001:0003D5E0       Classes.TComponent.PaletteCreated
 0001:0003DC70       Classes.TComponent.QueryInterface
 0001:0003D1D0       Classes.TComponent.ReadLeft
 0001:0003D5E4       Classes.TComponent.ReadState
 0001:0003D1E4       Classes.TComponent.ReadTop
 0001:0003DD74       Classes.TComponent.ReferenceInterface
 0001:0003D24C       Classes.TComponent.Remove
 0001:0003D328       Classes.TComponent.RemoveComponent
 0001:0003D460       Classes.TComponent.RemoveFreeNotification
 0001:0003D13C       Classes.TComponent.RemoveFreeNotifications
 0001:0003D408       Classes.TComponent.RemoveNotification
 0001:0003DC40       Classes.TComponent.SafeCallException
 0001:0003D5B0       Classes.TComponent.SetChildOrder
 0001:0003DA58       Classes.TComponent.SetComponentIndex
 0001:0003DAAC       Classes.TComponent.SetDesigning
 0001:0003D938       Classes.TComponent.SetName
 0001:0003D5B8       Classes.TComponent.SetParentComponent
 0001:0003DAFC       Classes.TComponent.SetReference
 0001:0003DB74       Classes.TComponent.SetSubComponent
 0001:0003DB4C       Classes.TComponent.UpdateAction
 0001:0003D5C8       Classes.TComponent.Updated
 0001:0003DC68       Classes.TComponent.UpdateRegistry
 0001:0003D5BC       Classes.TComponent.Updating
 0001:0003D67C       Classes.TComponent.ValidateContainer
 0001:0003D690       Classes.TComponent.ValidateInsert
 0001:0003D5F4       Classes.TComponent.ValidateRename
 0001:0003D1F8       Classes.TComponent.WriteLeft
 0001:0003D5EC       Classes.TComponent.WriteState
 0001:0003D204       Classes.TComponent.WriteTop
 0001:0003DCB0       Classes.TComponent._AddRef
 0001:0003DCD0       Classes.TComponent._Release
 0001:0003D030       Classes.TComponentEnumerator.Create
 0001:0003D074       Classes.TComponentEnumerator.GetCurrent
 0001:0003D080       Classes.TComponentEnumerator.MoveNext
 0001:000344D0       Classes.TCustomMemoryStream.Read
 0001:00034544       Classes.TCustomMemoryStream.SaveToFile
 0001:0003452C       Classes.TCustomMemoryStream.SaveToStream
 0001:00034508       Classes.TCustomMemoryStream.Seek
 0001:000344C8       Classes.TCustomMemoryStream.SetPointer
 0001:00034990       Classes.TFiler.Create
 0001:00029F48       Classes.TFiler.DefineBinaryProperty
 0001:00029F40       Classes.TFiler.DefineProperty
 0001:000349D8       Classes.TFiler.Destroy
 0001:00029F50       Classes.TFiler.FlushBuffer
 0001:00034A00       Classes.TFiler.SetRoot
 0001:00034320       Classes.TFileStream.Create
 0001:000342DC       Classes.TFileStream.Create
 0001:00034494       Classes.TFileStream.Destroy
 0001:00034218       Classes.THandleStream.Create
 0001:00034254       Classes.THandleStream.Read
 0001:00034274       Classes.THandleStream.Seek
 0001:000342A0       Classes.THandleStream.SetSize
 0001:000342B4       Classes.THandleStream.SetSize
 0001:00034264       Classes.THandleStream.Write
 0004:00004F70       Classes.ThreadLock
 0001:0003C198       Classes.ThreadProc
 0001:0002F860       Classes.TIntConst.Create
 0001:0003102C       Classes.TInterfacedPersistent.AfterConstruction
 0001:000310BC       Classes.TInterfacedPersistent.QueryInterface
 0001:0003107C       Classes.TInterfacedPersistent._AddRef
 0001:0003109C       Classes.TInterfacedPersistent._Release
 0001:0002FFC8       Classes.TList.Add
 0001:00030804       Classes.TList.Assign
 0001:00030008       Classes.TList.Clear
 0001:00030020       Classes.TList.Delete
 0001:0002FFA8       Classes.TList.Destroy
 0001:000300C4       Classes.TList.Error
 0001:0003008C       Classes.TList.Error
 0001:00030118       Classes.TList.Exchange
 0001:00030168       Classes.TList.Expand
 0001:000307A8       Classes.TList.Extract
 0001:000307B0       Classes.TList.ExtractItem
 0001:00030180       Classes.TList.First
 0001:00030188       Classes.TList.Get
 0001:000301AC       Classes.TList.GetEnumerator
 0001:000301BC       Classes.TList.Grow
 0001:000301F0       Classes.TList.IndexOf
 0001:00030214       Classes.TList.IndexOfItem
 0001:00030240       Classes.TList.Insert
 0001:000302B8       Classes.TList.Last
 0001:000302DC       Classes.TList.Move
 0001:00030800       Classes.TList.Notify
 0001:000303B8       Classes.TList.Pack
 0001:00030334       Classes.TList.Put
 0001:00030390       Classes.TList.Remove
 0001:00030398       Classes.TList.RemoveItem
 0001:0003042C       Classes.TList.SetCapacity
 0001:00030468       Classes.TList.SetCount
 0001:00030708       Classes.TList.Sort
 0001:000306FC       Classes.TList.Sort$ActRec.$0$Body
 0001:00030788       Classes.TList.SortList
 0001:0002FF40       Classes.TListEnumerator.Create
 0001:0002FF84       Classes.TListEnumerator.GetCurrent
 0001:0002FF90       Classes.TListEnumerator.MoveNext
 0001:000345C8       Classes.TMemoryStream.Clear
 0001:0003459C       Classes.TMemoryStream.Destroy
 0001:00034618       Classes.TMemoryStream.LoadFromFile
 0001:000345E0       Classes.TMemoryStream.LoadFromStream
 0001:000346C0       Classes.TMemoryStream.Realloc
 0001:0003466C       Classes.TMemoryStream.SetCapacity
 0001:00034694       Classes.TMemoryStream.SetSize
 0001:00034740       Classes.TMemoryStream.Write
 0001:00030EB4       Classes.TPersistent.Assign
 0001:00030EC8       Classes.TPersistent.AssignError
 0001:00030F84       Classes.TPersistent.AssignTo
 0001:00030F8C       Classes.TPersistent.DefineProperties
 0001:00030E88       Classes.TPersistent.Destroy
 0001:00030F90       Classes.TPersistent.GetNamePath
 0001:00031028       Classes.TPersistent.GetOwner
 0001:00034D18       Classes.TPropFixup.Create
 0001:00034D70       Classes.TPropFixup.MakeGlobalReference
 0001:00034DD0       Classes.TPropFixup.ResolveReference
 0001:00034DE0       Classes.TPropIntfFixup.ResolveReference
 0001:0003539C       Classes.TReader.BeginReferences
 0001:00035404       Classes.TReader.CheckValue
 0001:00037C94       Classes.TReader.CopyValue
 0001:00035464       Classes.TReader.DefineBinaryProperty
 0001:00035428       Classes.TReader.DefineProperty
 0001:00035360       Classes.TReader.Destroy
 0001:000356E8       Classes.TReader.DoFixupReferences
 0001:0003554C       Classes.TReader.EndOfList
 0001:00035560       Classes.TReader.EndReferences
 0001:0003557C       Classes.TReader.Error
 0001:00037F70       Classes.TReader.FindAncestorComponent
 0001:00038068       Classes.TReader.FindComponentClass
 0001:00035610       Classes.TReader.FindMethod
 0001:000355A0       Classes.TReader.FindMethodInstance
 0001:0003582C       Classes.TReader.FixupReferences
 0001:00035864       Classes.TReader.FlushBuffer
 0001:00035888       Classes.TReader.FreeFixups
 0001:000358C4       Classes.TReader.GetFieldClass
 0001:00035958       Classes.TReader.GetPosition
 0001:00035970       Classes.TReader.NextValue
 0001:00035980       Classes.TReader.PropertyError
 0001:00035994       Classes.TReader.Read
 0001:00035A1C       Classes.TReader.ReadBoolean
 0001:000359E0       Classes.TReader.ReadBuffer
 0001:00035A30       Classes.TReader.ReadChar
 0001:00035B24       Classes.TReader.ReadCollection
 0001:00035FF0       Classes.TReader.ReadComponent
 0001:00037364       Classes.TReader.ReadComponents
 0001:00036430       Classes.TReader.ReadCurrency
 0001:00036230       Classes.TReader.ReadData
 0001:000362A0       Classes.TReader.ReadDataInner
 0001:00036480       Classes.TReader.ReadDate
 0001:000363A8       Classes.TReader.ReadDouble
 0001:00036370       Classes.TReader.ReadFloat
 0001:000364C4       Classes.TReader.ReadIdent
 0001:000366C8       Classes.TReader.ReadInt64
 0001:0003665C       Classes.TReader.ReadInteger
 0001:0003670C       Classes.TReader.ReadListBegin
 0001:00036714       Classes.TReader.ReadListEnd
 0001:0003671C       Classes.TReader.ReadPrefix
 0001:00036848       Classes.TReader.ReadProperty
 0001:00036C64       Classes.TReader.ReadPropValue
 0001:00037030       Classes.TReader.ReadRootComponent
 0001:00037454       Classes.TReader.ReadSet
 0001:00037510       Classes.TReader.ReadSignature
 0001:000363EC       Classes.TReader.ReadSingle
 0001:00037534       Classes.TReader.ReadStr
 0001:000375C4       Classes.TReader.ReadString
 0001:000377EC       Classes.TReader.ReadValue
 0001:000382EC       Classes.TReader.ReadVariant
 0001:00035AC4       Classes.TReader.ReadWideChar
 0001:000376AC       Classes.TReader.ReadWideString
 0001:00038028       Classes.TReader.ReferenceName
 0001:00038040       Classes.TReader.SetName
 0001:00037800       Classes.TReader.SetPosition
 0001:000380DC       Classes.TReader.SkipBytes
 0001:00037EC4       Classes.TReader.SkipComponent
 0001:00037E7C       Classes.TReader.SkipProperty
 0001:00037820       Classes.TReader.SkipSetBody
 0001:00037928       Classes.TReader.SkipValue
 0001:0002E734       Classes.TRegGroup.AddClass
 0001:0002E740       Classes.TRegGroup.BestClass
 0001:0002E7A0       Classes.TRegGroup.BestGroup
 0001:0002E810       Classes.TRegGroup.Create
 0001:0002E86C       Classes.TRegGroup.Destroy
 0001:0002E8AC       Classes.TRegGroup.GetClass
 0001:0002E8FC       Classes.TRegGroup.GetClasses
 0001:0002E944       Classes.TRegGroup.IndexOfClass
 0001:0002E9BC       Classes.TRegGroup.InGroup
 0001:0002EA00       Classes.TRegGroup.RegisterClass
 0001:0002EAB4       Classes.TRegGroup.RegisterClassAlias
 0001:0002EAEC       Classes.TRegGroup.Registered
 0001:0002EB04       Classes.TRegGroup.UnregisterClass
 0001:0002EB64       Classes.TRegGroup.UnregisterModuleClasses
 0001:0002ECA4       Classes.TRegGroups.Activate
 0001:0002ECF0       Classes.TRegGroups.AddClass
 0001:0002ED10       Classes.TRegGroups.Create
 0001:0002ED84       Classes.TRegGroups.Destroy
 0001:0002EDE4       Classes.TRegGroups.FindGroup
 0001:0002EE28       Classes.TRegGroups.GetClass
 0001:0002EE6C       Classes.TRegGroups.GroupedWith
 0001:0002EF10       Classes.TRegGroups.GroupWith
 0001:0002EFE4       Classes.TRegGroups.Lock
 0001:0002EFF0       Classes.TRegGroups.RegisterClass
 0001:0002F008       Classes.TRegGroups.RegisterClassAlias
 0001:0002F028       Classes.TRegGroups.Registered
 0001:0002F06C       Classes.TRegGroups.StartGroup
 0001:0002F0BC       Classes.TRegGroups.Unlock
 0001:0002F0C8       Classes.TRegGroups.UnregisterClass
 0001:0002F0F8       Classes.TRegGroups.UnregisterModuleClasses
 0001:00034790       Classes.TResourceStream.Create
 0001:000347E8       Classes.TResourceStream.CreateFromID
 0001:00034948       Classes.TResourceStream.Destroy
 0001:000348DC       Classes.TResourceStream.Initialize
 0001:00034978       Classes.TResourceStream.Write
 0001:00033BCC       Classes.TStream.CopyFrom
 0001:00034034       Classes.TStream.FixupResourceHeader
 0001:00033908       Classes.TStream.GetPosition
 0001:0003393C       Classes.TStream.GetSize
 0001:000285F4       Classes.TStream.Read
 0001:00033B5C       Classes.TStream.ReadBuffer
 0001:00033CC0       Classes.TStream.ReadComponent
 0001:00033D84       Classes.TStream.ReadComponentRes
 0001:0003412C       Classes.TStream.ReadResHeader
 0001:00033AEC       Classes.TStream.Seek
 0001:00033A68       Classes.TStream.Seek
 0001:00033928       Classes.TStream.SetPosition
 0001:00033988       Classes.TStream.SetSize
 0001:000339A0       Classes.TStream.SetSize
 0001:0003398C       Classes.TStream.SetSize64
 0001:000285FC       Classes.TStream.Write
 0001:00033B94       Classes.TStream.WriteBuffer
 0001:00033D20       Classes.TStream.WriteComponent
 0001:00033DA0       Classes.TStream.WriteComponentRes
 0001:00033D28       Classes.TStream.WriteDescendent
 0001:000340F8       Classes.TStream.WriteDescendentRes
 0001:00033DA8       Classes.TStream.WriteResourceHeader
 0001:0003E600       Classes.TStreamAdapter.Clone
 0001:0003E554       Classes.TStreamAdapter.Commit
 0001:0003E34C       Classes.TStreamAdapter.CopyTo
 0001:0003E110       Classes.TStreamAdapter.Create
 0001:0003E15C       Classes.TStreamAdapter.Destroy
 0001:0003E56C       Classes.TStreamAdapter.LockRegion
 0001:0003E194       Classes.TStreamAdapter.Read
 0001:0003E560       Classes.TStreamAdapter.Revert
 0001:0003E264       Classes.TStreamAdapter.Seek
 0001:0003E2E8       Classes.TStreamAdapter.SetSize
 0001:0003E584       Classes.TStreamAdapter.Stat
 0001:0003E578       Classes.TStreamAdapter.UnlockRegion
 0001:0003E1FC       Classes.TStreamAdapter.Write
 0001:000331F0       Classes.TStringList.Add
 0001:00033200       Classes.TStringList.AddObject
 0001:00033264       Classes.TStringList.Changed
 0001:00033280       Classes.TStringList.Changing
 0001:0003329C       Classes.TStringList.Clear
 0001:00033848       Classes.TStringList.CompareStrings
 0001:00033864       Classes.TStringList.Create
 0001:0003389C       Classes.TStringList.Create
 0001:00033810       Classes.TStringList.CustomSort
 0001:00033304       Classes.TStringList.Delete
 0001:0003316C       Classes.TStringList.Destroy
 0001:00033384       Classes.TStringList.Exchange
 0001:000333E0       Classes.TStringList.ExchangeItems
 0001:00033404       Classes.TStringList.Find
 0001:00033488       Classes.TStringList.Get
 0001:000334B8       Classes.TStringList.GetCapacity
 0001:000334BC       Classes.TStringList.GetCount
 0001:000334C0       Classes.TStringList.GetObject
 0001:000334E4       Classes.TStringList.Grow
 0001:00033518       Classes.TStringList.IndexOf
 0001:00033554       Classes.TStringList.Insert
 0001:000335B8       Classes.TStringList.InsertItem
 0001:00033564       Classes.TStringList.InsertObject
 0001:00033634       Classes.TStringList.Put
 0001:0003368C       Classes.TStringList.PutObject
 0001:000336C8       Classes.TStringList.QuickSort
 0001:00033760       Classes.TStringList.SetCapacity
 0001:000338E0       Classes.TStringList.SetCaseSensitive
 0001:000337A0       Classes.TStringList.SetSorted
 0001:000337C0       Classes.TStringList.SetUpdateState
 0001:00033800       Classes.TStringList.Sort
 0001:00031AA8       Classes.TStrings.Add
 0001:00031ACC       Classes.TStrings.AddObject
 0001:00031AFC       Classes.TStrings.AddStrings
 0001:00031AF0       Classes.TStrings.Append
 0001:00031BB4       Classes.TStrings.Assign
 0001:00031C70       Classes.TStrings.BeginUpdate
 0001:0002787C       Classes.TStrings.Clear
 0001:00033124       Classes.TStrings.CompareStrings
 0001:00031CE0       Classes.TStrings.DefineProperties
 0001:00027884       Classes.TStrings.Delete
 0001:00031A78       Classes.TStrings.Destroy
 0001:00031D38       Classes.TStrings.EndUpdate
 0001:00031D4C       Classes.TStrings.Equals
 0001:00031DF8       Classes.TStrings.Error
 0001:00031E30       Classes.TStrings.Error
 0001:00031E88       Classes.TStrings.Exchange
 0001:00031F74       Classes.TStrings.GetCapacity
 0001:00031F7C       Classes.TStrings.GetCommaText
 0001:00032014       Classes.TStrings.GetDelimitedText
 0001:00033010       Classes.TStrings.GetDelimiter
 0001:00032284       Classes.TStrings.GetEnumerator
 0001:0003302C       Classes.TStrings.GetLineBreak
 0001:00033130       Classes.TStrings.GetNameValueSeparator
 0001:00032294       Classes.TStrings.GetObject
 0001:00033068       Classes.TStrings.GetQuoteChar
 0001:00033084       Classes.TStrings.GetStrictDelimiter
 0001:00032298       Classes.TStrings.GetText
 0001:000322EC       Classes.TStrings.GetTextStr
 0001:00032484       Classes.TStrings.GetValue
 0001:0003253C       Classes.TStrings.IndexOf
 0001:000325C8       Classes.TStrings.IndexOfName
 0001:0003269C       Classes.TStrings.IndexOfObject
 0001:0002788C       Classes.TStrings.Insert
 0001:000326D0       Classes.TStrings.InsertObject
 0001:00032754       Classes.TStrings.LoadFromFile
 0001:00032700       Classes.TStrings.LoadFromFile
 0001:000327BC       Classes.TStrings.LoadFromStream
 0001:000327B0       Classes.TStrings.LoadFromStream
 0001:000328B0       Classes.TStrings.Move
 0001:00032960       Classes.TStrings.Put
 0001:00032990       Classes.TStrings.PutObject
 0001:00032994       Classes.TStrings.ReadData
 0001:00032A44       Classes.TStrings.SaveToFile
 0001:00032A54       Classes.TStrings.SaveToFile
 0001:00032AC4       Classes.TStrings.SaveToStream
 0001:00032AB4       Classes.TStrings.SaveToStream
 0001:00032B7C       Classes.TStrings.SetCapacity
 0001:00032B80       Classes.TStrings.SetCommaText
 0001:00032E60       Classes.TStrings.SetDelimitedText
 0001:0003309C       Classes.TStrings.SetDelimiter
 0001:000330BC       Classes.TStrings.SetLineBreak
 0001:0003314C       Classes.TStrings.SetNameValueSeparator
 0001:000330E8       Classes.TStrings.SetQuoteChar
 0001:00033108       Classes.TStrings.SetStrictDelimiter
 0001:00032BA8       Classes.TStrings.SetStringsAdapter
 0001:00032BDC       Classes.TStrings.SetText
 0001:00032C2C       Classes.TStrings.SetTextStr
 0001:00032DD8       Classes.TStrings.SetUpdateState
 0001:00032DDC       Classes.TStrings.WriteData
 0001:00031A00       Classes.TStringsEnumerator.Create
 0001:00031A44       Classes.TStringsEnumerator.GetCurrent
 0001:00031A5C       Classes.TStringsEnumerator.MoveNext
 0004:00004F4C       Classes.TThread.$ClassInitFlag
 0001:0003C3EC       Classes.TThread.AfterConstruction
 0001:0003C494       Classes.TThread.CallOnTerminate
 0001:0003C400       Classes.TThread.CheckThreadError
 0001:0003C47C       Classes.TThread.CheckThreadError
 0001:0003C24C       Classes.TThread.Create
 0002:0000023C       Classes.TThread.Create@
 0001:0003C350       Classes.TThread.Destroy
 0001:0003C3C4       Classes.TThread.Destroy@
 0001:0003C4A8       Classes.TThread.DoTerminate
 0005:00000008       Classes.TThread.FCurrentThread
 0001:0003C4BC       Classes.TThread.GetPriority
 0001:0003C4F8       Classes.TThread.InternalStart
 0001:0003CF90       Classes.TThread.NameThreadForDebugging
 0001:0003CB8C       Classes.TThread.Queue
 0001:0003C724       Classes.TThread.Queue
 0001:0003C658       Classes.TThread.Queue
 0001:0003C5D0       Classes.TThread.Queue
 0001:0003CD20       Classes.TThread.RemoveQueuedEvents
 0001:0003CDC4       Classes.TThread.RemoveQueuedEvents
 0001:0003C7C4       Classes.TThread.RemoveQueuedEvents
 0001:0003CE84       Classes.TThread.Resume
 0001:0003C5A4       Classes.TThread.SetPriority
 0001:0003CDD8       Classes.TThread.SetSuspended
 0001:0003CDF0       Classes.TThread.SpinWait
 0001:0003CE0C       Classes.TThread.Start
 0001:0003C888       Classes.TThread.StaticQueue
 0001:0003CD0C       Classes.TThread.StaticSynchronize
 0001:0003CE14       Classes.TThread.Suspend
 0001:0003CC70       Classes.TThread.Synchronize
 0001:0003CAFC       Classes.TThread.Synchronize
 0001:0003CA94       Classes.TThread.Synchronize
 0001:0003CA60       Classes.TThread.Synchronize
 0001:0003C89C       Classes.TThread.Synchronize
 0001:0003CEAC       Classes.TThread.Terminate
 0001:0003CED0       Classes.TThread.WaitFor
 0001:00030BA0       Classes.TThreadList.Add
 0001:00030C28       Classes.TThreadList.Clear
 0001:00030AD0       Classes.TThreadList.Create
 0001:00030B24       Classes.TThreadList.Destroy
 0001:00030C70       Classes.TThreadList.LockList
 0001:00030C84       Classes.TThreadList.Remove
 0001:00030C8C       Classes.TThreadList.RemoveItem
 0001:00030CE0       Classes.TThreadList.UnlockList
 0001:00038538       Classes.TWriter.AddAncestor
 0001:0003856C       Classes.TWriter.DefineBinaryProperty
 0001:00038544       Classes.TWriter.DefineProperty
 0001:0003850C       Classes.TWriter.Destroy
 0001:000385A8       Classes.TWriter.FindMethodName
 0001:000385F0       Classes.TWriter.FlushBuffer
 0001:0003ABC4       Classes.TWriter.GetLookupInfo
 0001:00038598       Classes.TWriter.GetPosition
 0001:000385F8       Classes.TWriter.SetPosition
 0001:00038634       Classes.TWriter.SetRoot
 0001:0003864C       Classes.TWriter.Write
 0001:00038698       Classes.TWriter.WriteBinary
 0001:00038738       Classes.TWriter.WriteBoolean
 0001:00038720       Classes.TWriter.WriteBuffer
 0001:0003874C       Classes.TWriter.WriteChar
 0001:000387EC       Classes.TWriter.WriteCollection
 0001:000388DC       Classes.TWriter.WriteComponent
 0001:00038E84       Classes.TWriter.WriteCurrency
 0001:00038A30       Classes.TWriter.WriteData
 0001:00038EA8       Classes.TWriter.WriteDate
 0001:00038DF0       Classes.TWriter.WriteDescendent
 0001:00038E60       Classes.TWriter.WriteDouble
 0001:00038E18       Classes.TWriter.WriteFloat
 0001:00038ECC       Classes.TWriter.WriteIdent
 0001:00038FB0       Classes.TWriter.WriteInteger
 0001:00039024       Classes.TWriter.WriteInteger
 0001:0003907C       Classes.TWriter.WriteListBegin
 0001:00039084       Classes.TWriter.WriteListEnd
 0001:0003A888       Classes.TWriter.WriteMinStr
 0001:0003908C       Classes.TWriter.WritePrefix
 0001:000390D4       Classes.TWriter.WriteProperties
 0001:0003A22C       Classes.TWriter.WriteProperty
 0001:0003A760       Classes.TWriter.WritePropName
 0001:0003A7B4       Classes.TWriter.WriteRootComponent
 0001:0003A7BC       Classes.TWriter.WriteSignature
 0001:00038E3C       Classes.TWriter.WriteSingle
 0001:0003A7CC       Classes.TWriter.WriteStr
 0001:0003A9BC       Classes.TWriter.WriteString
 0001:0003AAD4       Classes.TWriter.WriteUTF8Str
 0001:0003ABB0       Classes.TWriter.WriteValue
 0001:0003A380       Classes.TWriter.WriteVariant
 0001:0003879C       Classes.TWriter.WriteWideChar
 0001:0003ABA8       Classes.TWriter.WriteWideString
 0001:0002FA84       Classes.UnregisterFindGlobalComponentProc
 0001:0002F568       Classes.UnRegisterModuleClasses
 0003:0000100C       Classes.UtilWindowClass
 0001:0003BF7C       Classes.WaitForSyncEvent
 0003:00000FA0       Classes.WakeMainThread
 0001:0002FDB8       Classes.WriteCollection
 0001:00039A5C       Classes.WriteCollectionProp
 0001:00039BF8       Classes.WriteFloatProp
 0001:0003AC24       Classes.WriteIndent
 0001:00039C38       Classes.WriteInt64Prop
 0001:0003A05C       Classes.WriteInterfaceProp
 0001:000399F0       Classes.WriteIntProp
 0001:0003A138       Classes.WriteMethodProp
 0001:00039E48       Classes.WriteObjectProp
 0001:00039B00       Classes.WriteOrdProp
 0001:00039904       Classes.WritePropPath
 0001:0003995C       Classes.WriteSet
 0001:0003AC50       Classes.WriteStr
 0001:00039C74       Classes.WriteStrProp
 0001:0003ACE8       Classes.WriteUTF8Str
 0001:0003A1C8       Classes.WriteVariantProp
 0004:00005170       Clipbrd..3
 0004:0000516E       Clipbrd.CF_COMPONENT
 0004:0000516C       Clipbrd.CF_PICTURE
 0002:00000950       Clipbrd.Clipbrd
 0004:00005174       Clipbrd.FClipboard
 0001:0005C60C       Clipbrd.Finalization
 0004:00005180       ComCtrls..96
 0001:0005CA20       ComCtrls..TConversion
 0002:00000A1C       ComCtrls.ComCtrls
 0004:00005184       ComCtrls.ConversionFormatList
 0001:0005CDB8       ComCtrls.Finalization
 0001:0005CD58       ComCtrls.FreeConversionFormatList
 0004:0000518C       ComCtrls.FRichEditModule
 0003:00001908       ComCtrls.RTFConversionFormat
 0004:00005188       ComCtrls.ShellModule
 0001:0005CCA0       ComCtrls.TConversion.ConvertReadStream
 0001:0005CCFC       ComCtrls.TConversion.ConvertWriteStream
 0001:0005CC68       ComCtrls.TConversion.Create
 0003:00001910       ComCtrls.TextConversionFormat
 0001:0000C148       CommCtrl.FlatSB_GetScrollInfo
 0001:0000C150       CommCtrl.FlatSB_GetScrollPos
 0001:0000C158       CommCtrl.FlatSB_SetScrollInfo
 0001:0000C160       CommCtrl.FlatSB_SetScrollPos
 0001:0000C168       CommCtrl.FlatSB_SetScrollProp
 0001:0000C080       CommCtrl.ImageList_Add
 0001:0000C0E0       CommCtrl.ImageList_BeginDrag
 0001:0000C0D8       CommCtrl.ImageList_Copy
 0001:0000C060       CommCtrl.ImageList_Create
 0001:0000C068       CommCtrl.ImageList_Destroy
 0001:0000C0F0       CommCtrl.ImageList_DragEnter
 0001:0000C0F8       CommCtrl.ImageList_DragLeave
 0001:0000C100       CommCtrl.ImageList_DragMove
 0001:0000C108       CommCtrl.ImageList_DragShowNolock
 0001:0000C0A8       CommCtrl.ImageList_Draw
 0001:0000C0B8       CommCtrl.ImageList_DrawEx
 0001:0000C0E8       CommCtrl.ImageList_EndDrag
 0001:0000C098       CommCtrl.ImageList_GetBkColor
 0001:0000C110       CommCtrl.ImageList_GetDragImage
 0001:0000C0C8       CommCtrl.ImageList_GetIcon
 0001:0000C128       CommCtrl.ImageList_GetIconSize
 0001:0000C070       CommCtrl.ImageList_GetImageCount
 0001:0000C138       CommCtrl.ImageList_GetImageInfo
 0001:0000C0D0       CommCtrl.ImageList_LoadImage
 0001:0000C118       CommCtrl.ImageList_Read
 0001:0000C0C0       CommCtrl.ImageList_Remove
 0001:0000C0B0       CommCtrl.ImageList_Replace
 0001:0000C088       CommCtrl.ImageList_ReplaceIcon
 0001:0000C090       CommCtrl.ImageList_SetBkColor
 0001:0000C130       CommCtrl.ImageList_SetIconSize
 0001:0000C078       CommCtrl.ImageList_SetImageCount
 0001:0000C0A0       CommCtrl.ImageList_SetOverlayImage
 0001:0000C120       CommCtrl.ImageList_Write
 0001:0000C170       CommCtrl.InitializeFlatSB
 0001:0000C140       CommCtrl._TrackMouseEvent
 0004:000052C0       ComObj..41
 0001:000ABAE8       ComObj..EOleError
 0001:000ABCC8       ComObj..EOleException
 0001:000ABB7C       ComObj..EOleSysError
 0001:000AC960       ComObj.ClearExcepInfo
 0003:00001F24       ComObj.CoAddRefServerProcess
 0003:00001F1C       ComObj.CoCreateInstanceEx
 0003:00001F34       ComObj.CoInitFlags
 0003:00001F20       ComObj.CoInitializeEx
 0004:000052C8       ComObj.ComClassManagerVar
 0002:00000C68       ComObj.ComObj
 0003:00001F28       ComObj.CoReleaseServerProcess
 0003:00001F2C       ComObj.CoResumeClassObjects
 0003:00001F30       ComObj.CoSuspendClassObjects
 0001:000AC270       ComObj.CreateSafeCallErrorExceptionObject
 0001:000AC378       ComObj.DispatchInvoke
 0001:000AC954       ComObj.DispatchInvokeError
 0001:000AC970       ComObj.DispCall
 0001:000ACA54       ComObj.DispCallByID
 0001:000AC880       ComObj.DispCallError
 0001:000AC028       ComObj.EOleException.Create
 0001:000ABF54       ComObj.EOleSysError.Create
 0001:000ACBAC       ComObj.Finalization
 0001:000AC6E8       ComObj.GetIDsOfNames
 0001:000ACB30       ComObj.InitComObj
 0001:000AC0EC       ComObj.LoadComExProcs
 0004:000052D0       ComObj.NeedToUninitialize
 0001:000AC0DC       ComObj.OleCheck
 0001:000AC0C0       ComObj.OleError
 0004:000052C4       ComObj.OleUninitializing
 0001:000AC7CC       ComObj.RaiseException
 0001:000AC6B4       ComObj.RaiseNameException
 0001:000AC368       ComObj.SafeCallError
 0004:000052CC       ComObj.SaveInitProc
 0003:00001F38       ComObj.ThreadStrs
 0001:000ABEF8       ComObj.TrimPunctuation
 0001:000AC7E4       ComObj.VarDispInvoke
 0001:00041460       Contnrs..TComponentList
 0001:00041CEC       Contnrs..TComponentListNexus
 0001:00040FF4       Contnrs..TObjectList
 0001:00041804       Contnrs..TOrderedList
 0001:00041A1C       Contnrs..TStack
 0001:00041E40       Contnrs.TComponentList.Add
 0001:00041E48       Contnrs.TComponentList.Destroy
 0001:00041E78       Contnrs.TComponentList.Extract
 0001:00041E8C       Contnrs.TComponentList.ExtractItem
 0001:00041EA4       Contnrs.TComponentList.First
 0001:00041EB4       Contnrs.TComponentList.HandleFreeNotify
 0001:00041EC8       Contnrs.TComponentList.IndexOf
 0001:00041ED0       Contnrs.TComponentList.IndexOfItem
 0001:00041ED8       Contnrs.TComponentList.Insert
 0001:00041EE0       Contnrs.TComponentList.Last
 0001:00041EEC       Contnrs.TComponentList.Notify
 0001:00041F54       Contnrs.TComponentList.Remove
 0001:00041F5C       Contnrs.TComponentList.RemoveItem
 0001:00041E10       Contnrs.TComponentListNexus.Notification
 0001:00041AAC       Contnrs.TObjectList.Add
 0001:00041AF0       Contnrs.TObjectList.Create
 0001:00041AB4       Contnrs.TObjectList.Create
 0001:00041B34       Contnrs.TObjectList.Extract
 0001:00041B48       Contnrs.TObjectList.ExtractItem
 0001:00041B60       Contnrs.TObjectList.FindInstanceOf
 0001:00041BE8       Contnrs.TObjectList.First
 0001:00041BF8       Contnrs.TObjectList.GetItem
 0001:00041C0C       Contnrs.TObjectList.IndexOf
 0001:00041C14       Contnrs.TObjectList.IndexOfItem
 0001:00041C1C       Contnrs.TObjectList.Insert
 0001:00041C24       Contnrs.TObjectList.Last
 0001:00041C30       Contnrs.TObjectList.Notify
 0001:00041C5C       Contnrs.TObjectList.Remove
 0001:00041C64       Contnrs.TObjectList.RemoveItem
 0001:00041F64       Contnrs.TOrderedList.AtLeast
 0001:00041F90       Contnrs.TOrderedList.Count
 0001:00041F98       Contnrs.TOrderedList.Create
 0001:00041FDC       Contnrs.TOrderedList.Destroy
 0001:00041F70       Contnrs.TOrderedList.Peek
 0001:0004200C       Contnrs.TOrderedList.PeekItem
 0001:00041F78       Contnrs.TOrderedList.Pop
 0001:00042020       Contnrs.TOrderedList.PopItem
 0001:00041F80       Contnrs.TOrderedList.Push
 0001:00042040       Contnrs.TStack.PushItem
 0004:000051F0       Controls..44
 0001:0006845C       Controls..TBaseDragControlObject
 0001:0006C2BC       Controls..TControl
 0001:000690E8       Controls..TControlActionLink
 0001:00068CD0       Controls..TControlCanvas
 0001:0006FAFC       Controls..TCustomControl
 0001:00068F14       Controls..TCustomControlAction
 0001:0006A39C       Controls..TCustomGestureCollectionItem
 0001:0006ABDC       Controls..TCustomGestureEngine
 0001:0006A5FC       Controls..TCustomGestureManager
 0001:000720A4       Controls..TCustomHint
 0001:00071E4C       Controls..TCustomHintShowHideThread
 0001:00071A10       Controls..TCustomHintWindow
 0001:00071238       Controls..TCustomPanningWindow
 0001:0006ADB0       Controls..TCustomTouchManager
 0001:00070EC4       Controls..TDockTree
 0001:000708DC       Controls..TDockZone
 0001:000685F8       Controls..TDragControlObject
 0001:00068734       Controls..TDragControlObjectEx
 0001:00068840       Controls..TDragDockObject
 0001:00068BB8       Controls..TDragDockObjectEx
 0001:000701D8       Controls..TDragImageList
 0001:00067F58       Controls..TDragObject
 0001:0006FD18       Controls..THintWindow
 0001:00070634       Controls..TImageList
 0001:000699D4       Controls..TMargins
 0001:000714E8       Controls..TMouse
 0001:00069EB8       Controls..TPadding
 0001:00072CE8       Controls..TSiteList
 0001:0006976C       Controls..TSizeConstraints
 0001:0006B364       Controls..TTouchManager
 0001:0006E638       Controls..TWinControl
 0001:0006E07C       Controls..TWinControlActionLink
 0001:0007349C       Controls.AbsMin
 0004:00005224       Controls.ActiveDrag
 0001:0007A208       Controls.AlignNestedControls
 0001:0007A1B4       Controls.AlignWork
 0003:00001AE4       Controls.AnchorAlign
 0003:00001AD8       Controls.AnimateWindowProc
 0003:00001C60       Controls.AnimationStyle
 0001:000766A0       Controls.BackgroundClipped
 0001:00084B4C       Controls.CalcSplitterPos
 0001:00074520       Controls.CancelDrag
 0004:00005238       Controls.CanvasList
 0003:00001B9C       Controls.CaptureControl
 0001:00074188       Controls.CheckUndock
 0001:00081880       Controls.ClientToWindow
 0004:000051F6       Controls.ControlAtom
 0004:000051FC       Controls.ControlAtomString
 0002:00000B30       Controls.Controls
 0003:00001BF4       Controls.CPan
 0003:00001BF0       Controls.CPanOoptions
 0003:00001C24       Controls.CPanSingleFingerHorizontal
 0003:00001C1C       Controls.CPanSingleFingerVertical
 0003:00001C2C       Controls.CPanWithGutter
 0003:00001C34       Controls.CPanWithInertia
 0003:00001C0C       Controls.CPressAndTap
 0003:00001AE0       Controls.CreationControl
 0003:00001C04       Controls.CRotate
 0003:00001BE0       Controls.Ctl3DStyles
 0003:00001C14       Controls.CTwoFingerTap
 0003:00001AEC       Controls.Cursors
 0001:00072B7C       Controls.CursorToIdent
 0003:00001BFC       Controls.CZoom
 0003:00001ADC       Controls.DefaultDockTreeClass
 0001:0007B5E0       Controls.DestroyChildWindow
 0001:0007A480       Controls.DoAdjustSize
 0001:0007A028       Controls.DoAlign
 0001:0007F868       Controls.DoCalcConstraints
 0004:0000522C       Controls.DockSiteList
 0001:0007C530       Controls.DoControlMsg
 0001:00073A9C       Controls.DoDragOver
 0001:00082578       Controls.DoFindControlZone
 0001:00082CA4       Controls.DoFindZone
 0001:000825FC       Controls.DoForEach
 0001:0008431C       Controls.DoGetNextLimit
 0001:00085458       Controls.DoneControls
 0001:00079FE0       Controls.DoPosition
 0001:000837C8       Controls.DoPrune
 0001:00083D10       Controls.DoSaveZone
 0001:00084014       Controls.DoSetNewBounds
 0001:0007B25C       Controls.DoWriteDesignSize
 0001:00077C34       Controls.DoWriteExplicit
 0001:00077C00       Controls.DoWriteIsControl
 0004:00005210       Controls.DragCapture
 0004:00005204       Controls.DragControl
 0001:000741FC       Controls.DragDone
 0001:00073A4C       Controls.DragFindTarget
 0001:00073A20       Controls.DragFindWindow
 0004:00005228       Controls.DragImageList
 0001:00073E60       Controls.DragInit
 0001:00073FD0       Controls.DragInitControl
 0004:0000520C       Controls.DragInternalObject
 0001:00073968       Controls.DragMessage
 0004:00005208       Controls.DragObject
 0004:00005234       Controls.DragSave
 0004:0000521C       Controls.DragSaveCursor
 0004:00005214       Controls.DragStartPos
 0004:00005220       Controls.DragThreshold
 0001:00073B78       Controls.DragTo
 0001:00083248       Controls.DrawCloseButton
 0001:000832DC       Controls.DrawGrabberLine
 0001:00083368       Controls.DrawThemedGrabber
 0001:0007CA4C       Controls.DrawThemeEdge
 0003:00001BD0       Controls.EdgeStyles
 0001:0008711C       Controls.Finalization
 0001:0007280C       Controls.FindControl
 0001:0007456C       Controls.FindDragTarget
 0001:00074538       Controls.FindVCLWindow
 0004:0000523C       Controls.FlagControl
 0001:00074660       Controls.FreeDeviceContext
 0001:00074728       Controls.FreeDeviceContexts
 0003:00001BE8       Controls.GestureMap
 0001:00072C7C       Controls.GetCaptureControl
 0001:00079E48       Controls.GetClientSize
 0001:0007BAEC       Controls.GetControlAtPos
 0001:000843FC       Controls.GetDockAlign
 0001:000737C0       Controls.GetDockSiteAtPos
 0001:00073AD8       Controls.GetDropCtl
 0001:000822A8       Controls.GetLastChildZone
 0001:00072BE4       Controls.GetLongHint
 0001:00072B9C       Controls.GetShortHint
 0001:00072EAC       Controls.GetTopParent
 0001:00084478       Controls.HideZone
 0001:00072B8C       Controls.IdentToCursor
 0003:00001C88       Controls.IMM32DLL
 0001:00085444       Controls.Imm32IsIME
 0001:000854F8       Controls.InitControls
 0001:00085010       Controls.InitIMM32
 0001:000726C8       Controls.InitWndProc
 0003:00001BB0       Controls.InnerStyles
 0001:00079EB0       Controls.InsertBefore
 0001:00073580       Controls.IsBeforeTargetWindow
 0001:000739C0       Controls.IsDelphiHandle
 0001:00081CC0       Controls.IsOrientationSet
 0001:0007377C       Controls.IsSiteChildOfClient
 0001:00072868       Controls.IsVCLControl
 0004:000051E4       Controls.IsVCLControlHook
 0001:00086770       Controls.LatestHintWindow
 0001:000745B8       Controls.ListAdd
 0001:000745E0       Controls.ListRemove
 0003:00001C74       Controls.MakeLast
 0001:00078EB8       Controls.MinVar
 0003:00001C8C       Controls.ModeMap
 0004:000051E0       Controls.Mouse
 0001:0007268C       Controls.MouseOriginToShiftState
 0001:00074630       Controls.MoveWindowOrg
 0004:000051EC       Controls.NewStyleControls
 0001:00081CA4       Controls.NextVisibleZone
 0001:000727D8       Controls.ObjectFromHWnd
 0003:00001C3C       Controls.Options
 0003:00001C6C       Controls.OrientArray
 0003:00001BC0       Controls.OuterStyles
 0003:00001BA0       Controls.PaintMessage
 0001:000820D0       Controls.ParentNotLast
 0001:00072C2C       Controls.PerformEraseBackground
 0001:0007B248       Controls.PointsEqual
 0004:00005230       Controls.QualifyingSites
 0001:00082E40       Controls.ReadControlName
 0001:0007390C       Controls.RegisterDockSite
 0004:00005200       Controls.RM_GetObjectInstance
 0001:00072898       Controls.SendAppMessage
 0001:00072CA4       Controls.SetCaptureControl
 0001:0008536C       Controls.SetImeMode
 0001:00078730       Controls.SetParentColor
 0003:00001BA8       Controls.ShowFlags
 0001:000844F8       Controls.ShowZone
 0003:00001C80       Controls.SizeCursors
 0001:00073280       Controls.TBaseDragControlObject.Assign
 0001:00073244       Controls.TBaseDragControlObject.Create
 0001:000732AC       Controls.TBaseDragControlObject.EndDrag
 0001:000732D8       Controls.TBaseDragControlObject.Finished
 0001:00078BE8       Controls.TControl.ActionChange
 0001:00078FDC       Controls.TControl.AdjustSize
 0001:00078E0C       Controls.TControl.AssignTo
 0001:00076A40       Controls.TControl.BeginAutoDrag
 0001:00076A5C       Controls.TControl.BeginDrag
 0001:000764F0       Controls.TControl.BringToFront
 0001:00077604       Controls.TControl.CalcCursorPos
 0001:000777BC       Controls.TControl.CalcDockSizes
 0001:00077504       Controls.TControl.CanAutoSize
 0001:00077508       Controls.TControl.CanResize
 0001:00075E50       Controls.TControl.ChangeScale
 0001:00078260       Controls.TControl.CheckNewSize
 0001:00078034       Controls.TControl.Click
 0001:00079218       Controls.TControl.ClientToParent
 0001:00075C54       Controls.TControl.ClientToScreen
 0001:000788AC       Controls.TControl.CMBiDiModeChanged
 0001:00078724       Controls.TControl.CMColorChanged
 0001:00078A28       Controls.TControl.CMDesignHitTest
 0001:0007870C       Controls.TControl.CMEnabledChanged
 0001:00078B88       Controls.TControl.CMFloat
 0001:00078718       Controls.TControl.CMFontChanged
 0001:00078838       Controls.TControl.CMGesture
 0001:00079068       Controls.TControl.CMHintShow
 0001:00078958       Controls.TControl.CMHitTest
[...]
  3281 0001:000D0470  3282 0001:000D047B  3284 0001:000D047E  3285 0001:000D0498
  3286 0001:000D04A3  3288 0001:000D04A9  3289 0001:000D04B1  3290 0001:000D04D2
  3291 0001:000D04E7  3292 0001:000D0501  3293 0001:000D0507  3296 0001:000D051F
  3301 0001:000D0554  3302 0001:000D056D  3303 0001:000D0587  3304 0001:000D0591
  3305 0001:000D0595  3306 0001:000D05AB  3311 0001:000D05F0  3312 0001:000D05FB
  3313 0001:000D060B  3314 0001:000D061B  3315 0001:000D0627  3320 0001:000D0638
  3321 0001:000D0670  3322 0001:000D067B  3324 0001:000D067E  3325 0001:000D0698
  3326 0001:000D06A3  3328 0001:000D06A9  3329 0001:000D06B1  3330 0001:000D06D2
  3331 0001:000D06E7  3332 0001:000D0701  3333 0001:000D0707  3336 0001:000D071F
  3342 0001:000D0754  3343 0001:000D076F  3344 0001:000D0773  3345 0001:000D0785
  3346 0001:000D0789  3349 0001:000D07A2  3350 0001:000D07BC  3351 0001:000D07C6
  3353 0001:000D07CA  3354 0001:000D07DE  3357 0001:000D07E2  3359 0001:000D07E6
  3360 0001:000D07FA  3363 0001:000D0828  3368 0001:000D0894  3369 0001:000D089F
  3370 0001:000D08AF  3371 0001:000D08BB  3374 0001:000D08CC  3375 0001:000D08D3
  3376 0001:000D08D6  3380 0001:000D08DD  3383 0001:000D08ED  3388 0001:000D091E
  3393 0001:000D0947  3398 0001:000D0970  3403 0001:000D0999  3378 0001:000D099A
  3405 0001:000D09A2  3406 0001:000D09A4  3415 0001:000D09AC  3416 0001:000D09E7
  3417 0001:000D09EB  3419 0001:000D09F4  3424 0001:000D0A00  3425 0001:000D0A08
  3426 0001:000D0A10  3427 0001:000D0A28  3429 0001:000D0A32  3430 0001:000D0A3D
  3431 0001:000D0A4A  3433 0001:000D0A5F  3435 0001:000D0A65  3436 0001:000D0A7C
  3437 0001:000D0A91  3441 0001:000D0A9A  3444 0001:000D0ACD  3445 0001:000D0AE7
  3447 0001:000D0AF1  3448 0001:000D0B37  3449 0001:000D0B3D  3450 0001:000D0B53
  3452 0001:000D0B68  3456 0001:000D0B6E  3457 0001:000D0B85  3458 0001:000D0B9A
  3462 0001:000D0B9E  3464 0001:000D0BA4  3465 0001:000D0BAC  3468 0001:000D0BB2
  3471 0001:000D0BCF  3474 0001:000D0C0A  3476 0001:000D0C0C  3430 0001:000D0C0D
  3478 0001:000D0C16  3481 0001:000D0C64  3483 0001:000D0C68  3488 0001:000D0C7B
  3489 0001:000D0C85  3490 0001:000D0CA6  3497 0001:000D0CAC  3498 0001:000D0CB7
  3499 0001:000D0CC7  3500 0001:000D0CD3  3505 0001:000D0CE4  3506 0001:000D0D1A
  3507 0001:000D0D25  3508 0001:000D0D46  3509 0001:000D0D50  3512 0001:000D0D58
  3513 0001:000D0D60  3514 0001:000D0D88  3515 0001:000D0DA4  3516 0001:000D0DC5
  3517 0001:000D0DCB  3519 0001:000D0DE3  3522 0001:000D0E18  3523 0001:000D0E20
  3524 0001:000D0E33  3525 0001:000D0E41  3526 0001:000D0E4B  3528 0001:000D0E64
  3530 0001:000D0E6B  3595 0001:000D0E74  3596 0001:000D0E98  3597 0001:000D0EA7
  3598 0001:000D0EB5  3599 0001:000D0EC6  3600 0001:000D0ED8  3601 0001:000D0EF6
  3599 0001:000D0F03  3602 0001:000D0F06  3604 0001:000D0F26  3606 0001:000D0F36
  3613 0001:000D0F70  3614 0001:000D0F91  3615 0001:000D0F98  3617 0001:000D0FA5
  3618 0001:000D0FAE  3620 0001:000D0FB7  3622 0001:000D0FBF  3624 0001:000D0FCC
  3625 0001:000D0FDF  3627 0001:000D1010  3628 0001:000D102E  3629 0001:000D1064
  3630 0001:000D1082  3634 0001:000D10B8  3638 0001:000D10D0  3640 0001:000D10D8
  3642 0001:000D10E2  3645 0001:000D10EB  3648 0001:000D10F2  3649 0001:000D10FB
  3651 0001:000D1122  3652 0001:000D112B  3654 0001:000D1157  3656 0001:000D1159
  3658 0001:000D115D  3660 0001:000D1173  3661 0001:000D1178  3664 0001:000D117F
  3667 0001:000D1187  3669 0001:000D118E  3672 0001:000D1244  3673 0001:000D1248
  3675 0001:000D124A  3676 0001:000D1253  3678 0001:000D1265  3679 0001:000D126C
  3694 0001:000D1274  3695 0001:000D12B3  3697 0001:000D12BB  3699 0001:000D12C8
  3700 0001:000D12D5  3701 0001:000D12E3  3702 0001:000D12F2  3703 0001:000D12FB
  3704 0001:000D1305  3706 0001:000D130A  3707 0001:000D1329  3709 0001:000D132F
  3710 0001:000D1335  3711 0001:000D133D  3712 0001:000D1355  3713 0001:000D135E
  3716 0001:000D13A3  3720 0001:000D13B3  3722 0001:000D13C0  3723 0001:000D13CD
  3724 0001:000D13DB  3725 0001:000D13EA  3726 0001:000D13F3  3727 0001:000D13FD
  3729 0001:000D1402  3730 0001:000D1421  3732 0001:000D1427  3733 0001:000D142D
  3734 0001:000D1435  3735 0001:000D144D  3736 0001:000D1456  3739 0001:000D149D
  3743 0001:000D14AD  3746 0001:000D14B1  3748 0001:000D14C0  3749 0001:000D14CF
  3750 0001:000D14D6  3752 0001:000D14DB  3754 0001:000D14F9  3755 0001:000D1502
  3756 0001:000D1510  3760 0001:000D151B  3762 0001:000D152A  3763 0001:000D1539
  3764 0001:000D1540  3766 0001:000D1545  3768 0001:000D155F  3769 0001:000D1568
  3770 0001:000D1576  3773 0001:000D157F  3781 0001:000D15D0  3782 0001:000D15FD
  3783 0001:000D1606  3785 0001:000D160E  3787 0001:000D1618  3790 0001:000D1621
  3792 0001:000D1628  3794 0001:000D1635  3795 0001:000D1647  3796 0001:000D1651
  3797 0001:000D1669  3800 0001:000D166D  3801 0001:000D1678  3802 0001:000D168A
  3805 0001:000D1694  3808 0001:000D16E2  3812 0001:000D170B  3814 0001:000D1718
  3815 0001:000D172A  3816 0001:000D1734  3817 0001:000D174C  3820 0001:000D1750
  3821 0001:000D175B  3822 0001:000D176D  3825 0001:000D1777  3828 0001:000D17C5
  3832 0001:000D17EB  3834 0001:000D17ED  3837 0001:000D1824  3838 0001:000D182A
  3840 0001:000D183B  3842 0001:000D1844  3843 0001:000D1856  3844 0001:000D1868
  3845 0001:000D187A  3846 0001:000D188C  3847 0001:000D189E  3848 0001:000D18B0
  3849 0001:000D18C2  3850 0001:000D18D4  3851 0001:000D18E6  3852 0001:000D18F8
  3853 0001:000D190A  3857 0001:000D191C  3863 0001:000D1981  3866 0001:000D1B38
  3867 0001:000D1B39  3869 0001:000D1B43  3870 0001:000D1B47  3872 0001:000D1B52
  3874 0001:000D1B59  3875 0001:000D1B60  3876 0001:000D1B67  3877 0001:000D1B6E
  3878 0001:000D1B75  3879 0001:000D1B7C  3880 0001:000D1B83  3881 0001:000D1B8A
  3882 0001:000D1B91  3883 0001:000D1B98  3884 0001:000D1B9F  3885 0001:000D1BA6
  3886 0001:000D1BAD  3934 0001:000D1BB4  3935 0001:000D1BC2  3936 0001:000D1BD0
  3937 0001:000D1BDA  3938 0001:000D1BE8  3939 0001:000D1BED  3941 0001:000D1C16
  3944 0001:000D1C37  3945 0001:000D1C45  3947 0001:000D1C62  3950 0001:000D1C6C
  3951 0001:000D1C88  3952 0001:000D1C96  3953 0001:000D1CA0  3954 0001:000D1CAE
  3955 0001:000D1CB3  3957 0001:000D1CDF  3960 0001:000D1D00  3962 0001:000D1D09
  3970 0001:000D1D14  3971 0001:000D1D78  3972 0001:000D1D82  3975 0001:000D1DA1
  3976 0001:000D1DAC  3977 0001:000D1DCA  3979 0001:000D1E42  3981 0001:000D1E4C
  3983 0001:000D1E77  3985 0001:000D1E99  3986 0001:000D1EA3  3988 0001:000D1EA9
  3989 0001:000D1EAF  3991 0001:000D1ECE  3993 0001:000D1EED  3998 0001:000D1F6C
  3999 0001:000D1F72  4000 0001:000D1F8F  4001 0001:000D1F95  4003 0001:000D1FEA
  4008 0001:000D202F  4009 0001:000D2046  4011 0001:000D2048  4013 0001:000D2054
  4014 0001:000D205E  4016 0001:000D2062  4017 0001:000D2085  4019 0001:000D2091
  4020 0001:000D2097  4022 0001:000D20EB  4184 0001:000D2284  4185 0001:000D2296
  4186 0001:000D22A1  4187 0001:000D22A9  4188 0001:000D22B2  4191 0001:000D22CC
  4192 0001:000D22D7  4193 0001:000D22DE  4194 0001:000D22E6  4195 0001:000D22F2
  4223 0001:000D2534  4224 0001:000D2546  4225 0001:000D2550  4227 0001:000D2560
  4226 0001:000D256E  4229 0001:000D2581  4231 0001:000D259B  4232 0001:000D25AA
  4237 0001:000D25C0  4238 0001:000D25CE  4239 0001:000D25DB  4240 0001:000D25E5
  4241 0001:000D25F3  4242 0001:000D2606  4244 0001:000D260A  4245 0001:000D2615
  4247 0001:000D261C  4249 0001:000D2632  4251 0001:000D264C  4257 0001:000D2654
  4258 0001:000D2666  4259 0001:000D266B  4260 0001:000D2676  4261 0001:000D2684
  4262 0001:000D269C  4263 0001:000D26A5  4265 0001:000D26B3  4266 0001:000D26BF
  4268 0001:000D26D5  4269 0001:000D26D8  4271 0001:000D26DA  4263 0001:000D26DB
  4273 0001:000D26EB  4275 0001:000D2705  4278 0001:000D2710  4279 0001:000D2716
  4280 0001:000D2725  4288 0001:000D2728  4289 0001:000D2734  4290 0001:000D273C
  4291 0001:000D274A  4293 0001:000D2760  4295 0001:000D277A  4298 0001:000D2780
  4299 0001:000D278C  4300 0001:000D2794  4301 0001:000D27A2  4303 0001:000D27B1
  4304 0001:000D27B8  4307 0001:000D27C0  4309 0001:000D27D4  4311 0001:000D27EE
  4314 0001:000D27F4  4315 0001:000D27FD  4316 0001:000D2805  4317 0001:000D2813
  4319 0001:000D2827  4321 0001:000D2841  4343 0001:000D2A74  4344 0001:000D2A86
  4345 0001:000D2A95  4348 0001:000D2AB0  4349 0001:000D2ABB  4350 0001:000D2ACB
  4351 0001:000D2ADB  4352 0001:000D2AE7  4359 0001:000D2AF8  4360 0001:000D2B03
  4361 0001:000D2B0E  4362 0001:000D2B14  4363 0001:000D2B1F  4364 0001:000D2B2D
  4366 0001:000D2B37  4367 0001:000D2B44  4369 0001:000D2B56  4370 0001:000D2B74
  4371 0001:000D2B88  4370 0001:000D2B9C  4372 0001:000D2B9F  4373 0001:000D2BA8
  4376 0001:000D2BB3  4378 0001:000D2BC3  4379 0001:000D2BC9  4381 0001:000D2BDC
  4386 0001:000D2BE8  4387 0001:000D2BF4  4389 0001:000D2BFE  4390 0001:000D2C09
  4391 0001:000D2C0F  4392 0001:000D2C1A  4393 0001:000D2C28  4395 0001:000D2C40
  4396 0001:000D2C46  4399 0001:000D2C59  4404 0001:000D2C60  4405 0001:000D2C6C
  4406 0001:000D2C77  4407 0001:000D2C85  4409 0001:000D2C9F  4411 0001:000D2CB2
  4424 0001:000D2CBC  4425 0001:000D2CC5  4427 0001:000D2CCC  4428 0001:000D2CD2
  4433 0001:000D2CD4  4434 0001:000D2CDB  4435 0001:000D2CDE  4436 0001:000D2CE2
  4438 0001:000D2CEB  4441 0001:000D2CF0  4442 0001:000D2D02  4444 0001:000D2D19
  4445 0001:000D2D1B  4446 0001:000D2D1D  4441 0001:000D2D1E  4447 0001:000D2D21
  4448 0001:000D2D26  4449 0001:000D2D30  4448 0001:000D2D3A  4451 0001:000D2D3D
  4462 0001:000D2D44  4463 0001:000D2D53  4464 0001:000D2D60  4465 0001:000D2D6D
  4467 0001:000D2D71  4468 0001:000D2D78  4471 0001:000D2D7F  4472 0001:000D2D82
  4474 0001:000D2D88  4475 0001:000D2D89  4478 0001:000D2D8B  4479 0001:000D2D8D
  4480 0001:000D2DA9  4483 0001:000D2DB4  4484 0001:000D2DB7  4485 0001:000D2DC8
  4491 0001:000D2DCC  4492 0001:000D2DDA  4493 0001:000D2DDF  4494 0001:000D2DE4
  4495 0001:000D2DE8  4497 0001:000D2E02  4532 0001:000D2E0C  4533 0001:000D2E10
  4534 0001:000D2E2F  4535 0001:000D2E3B  4615 0001:000D2E44  4616 0001:000D2E47
  4619 0001:000D2E48  4620 0001:000D2E4E  4621 0001:000D2E61  4627 0001:000D2E64
  4628 0001:000D2E79  4629 0001:000D2E90  4633 0001:000D2EB0  4634 0001:000D2EC5
  4635 0001:000D2EDF  4639 0001:000D2EFC  4640 0001:000D2F11  4641 0001:000D2F2D
  4647 0001:000D2F4C  4648 0001:000D2F6D  4649 0001:000D2F76  4650 0001:000D2F7C
  4651 0001:000D2F83  4652 0001:000D2F8A  4653 0001:000D2F8D  4654 0001:000D2F92
  4656 0001:000D2F95  4657 0001:000D2F9B  4659 0001:000D2FA5  4661 0001:000D2FAB
  4662 0001:000D2FB8  4664 0001:000D2FBC  4665 0001:000D2FC8  4666 0001:000D2FCB
  4668 0001:000D2FD4  4669 0001:000D2FDA  4671 0001:000D2FE3  4672 0001:000D2FE9
  4674 0001:000D2FF2  4675 0001:000D2FF9  4678 0001:000D301C  4679 0001:000D302A
  4680 0001:000D3031  4681 0001:000D3036  4682 0001:000D3043  4683 0001:000D304F
  4686 0001:000D3060  4687 0001:000D3067  4689 0001:000D3082  4690 0001:000D3089
  4691 0001:000D3097  4692 0001:000D30A0  4694 0001:000D30AA  4695 0001:000D30B2
  4696 0001:000D30BB  4698 0001:000D30D7  4699 0001:000D30DE  4702 0001:000D30ED
  4705 0001:000D30F0  4706 0001:000D30F6  4707 0001:000D30FD  4708 0001:000D3100
  4712 0001:000D3104  4713 0001:000D3108  4714 0001:000D310B  4720 0001:000D310C
  4721 0001:000D3130  4722 0001:000D3138  4723 0001:000D3140  4724 0001:000D314E
  4725 0001:000D3160  4726 0001:000D3195  4724 0001:000D3196  4728 0001:000D31A6
  4730 0001:000D31B6  4733 0001:000D31DC  4734 0001:000D31E5  4735 0001:000D31EC
  4736 0001:000D31F5  4743 0001:000D31FC  4747 0001:000D320C  4751 0001:000D3217
  4752 0001:000D321E  4754 0001:000D3227  4758 0001:000D322A  4759 0001:000D3232
  4761 0001:000D3255  4762 0001:000D325B  4763 0001:000D3263  4765 0001:000D326E
  4766 0001:000D3276  4773 0001:000D327C  4774 0001:000D328D  4776 0001:000D329A
  4777 0001:000D32A2  4778 0001:000D32AC  4779 0001:000D32BE  4782 0001:000D32C6
  4783 0001:000D32CB  4784 0001:000D32CF  4787 0001:000D32D1  4748 0001:000D32D8
  4789 0001:000D32E9  4790 0001:000D32ED  4795 0001:000D32F8  4796 0001:000D3302
  4798 0001:000D330D  4799 0001:000D3319  4800 0001:000D3323  4802 0001:000D332C
  4808 0001:000D3334  4809 0001:000D333D  4812 0001:000D3349  4813 0001:000D334E
  4814 0001:000D3353  4816 0001:000D3359  4820 0001:000D3361  4821 0001:000D3367
  4823 0001:000D336F  4829 0001:000D3375  4832 0001:000D337E  4831 0001:000D3388
  4833 0001:000D33A2  4888 0001:000D33A8  4889 0001:000D33B3  4891 0001:000D33BF
  4893 0001:000D33C5  4895 0001:000D33D0  4900 0001:000D33D4  4901 0001:000D33DA
  4903 0001:000D33E2  4906 0001:000D33E5  4908 0001:000D33EB  4909 0001:000D33F6
  4913 0001:000D3403  4915 0001:000D3410  4920 0001:000D3414  4923 0001:000D3428
  4925 0001:000D3430  4927 0001:000D3432  4929 0001:000D3435  4933 0001:000D343F
  4917 0001:000D3442  4935 0001:000D3450  4937 0001:000D3457  4938 0001:000D345C
  4940 0001:000D3461  4946 0001:000D3468  4947 0001:000D3471  4949 0001:000D3478
  4950 0001:000D347D  4953 0001:000D3482  4955 0001:000D3488  4956 0001:000D3490
  4960 0001:000D3498  4961 0001:000D349B  4963 0001:000D34A4  4964 0001:000D34A9
  4965 0001:000D34B4  4969 0001:000D34C1  4970 0001:000D34C9  4971 0001:000D34D1
  4972 0001:000D34D7  4986 0001:000D34E0  4990 0001:000D34F0  4991 0001:000D34F5
  4992 0001:000D34FD  4996 0001:000D3524  4998 0001:000D352C  4999 0001:000D353A
  5000 0001:000D353C  5008 0001:000D3541  5009 0001:000D3548  5012 0001:000D3553
  5019 0001:000D355E  5021 0001:000D356E  5023 0001:000D357C  5026 0001:000D3592
  5028 0001:000D35A0  5030 0001:000D35AE  5032 0001:000D35BC  5035 0001:000D35CA
  5037 0001:000D35D8  5039 0001:000D35EC  5041 0001:000D35FA  5044 0001:000D3608
  5046 0001:000D3613  5048 0001:000D3621  5050 0001:000D362C  5052 0001:000D3640
  5054 0001:000D364B  5056 0001:000D3659  5058 0001:000D3664  5060 0001:000D3672
  5062 0001:000D367D  5067 0001:000D368E  5070 0001:000D3695  5078 0001:000D36A0
  5079 0001:000D36AF  5084 0001:000D36B0  5085 0001:000D36B1  5086 0001:000D36C1
  5087 0001:000D36CD  5104 0001:000D36D4  5105 0001:000D36DE  5108 0001:000D36E0
  5111 0001:000D36E2  5112 0001:000D36EA  5114 0001:000D36F4  5115 0001:000D36F9
  5117 0001:000D3704  5118 0001:000D3706  5119 0001:000D3711  5120 0001:000D3722
  5124 0001:000D3727  5129 0001:000D372C  5130 0001:000D3744  5131 0001:000D374D
  5132 0001:000D3751  5133 0001:000D3754  5134 0001:000D3759  5135 0001:000D3763
  5143 0001:000D3784  5144 0001:000D37B2  5145 0001:000D37BB  5148 0001:000D37C3
  5149 0001:000D37CD  5151 0001:000D37E2  5152 0001:000D37ED  5153 0001:000D37FC
  5154 0001:000D3800  5155 0001:000D3845  5156 0001:000D3856  5158 0001:000D385C
  5159 0001:000D386D  5161 0001:000D3873  5162 0001:000D3884  5164 0001:000D388A
  5165 0001:000D389B  5169 0001:000D389F  5171 0001:000D38A5  5172 0001:000D38B2
  5173 0001:000D38B6  5177 0001:000D38BE  5178 0001:000D38CA  5179 0001:000D38CE
  5183 0001:000D38D1  5185 0001:000D38D7  5186 0001:000D38F1  5188 0001:000D38FF
  5190 0001:000D3906  5191 0001:000D391D  5194 0001:000D391F  5195 0001:000D3931
  5186 0001:000D3932  5198 0001:000D3937  5203 0001:000D3A64  5204 0001:000D3A65
  5205 0001:000D3A6C  5211 0001:000D3A70  5212 0001:000D3A7C  5213 0001:000D3A8E
  5215 0001:000D3AA0  5216 0001:000D3AA7  5217 0001:000D3AAF  5219 0001:000D3AC6
  5220 0001:000D3ACA  5224 0001:000D3AD6  5227 0001:000D3B03  5228 0001:000D3B07
  5231 0001:000D3B15  5232 0001:000D3B20  5233 0001:000D3B26  5235 0001:000D3B2A
  5221 0001:000D3B2E  5241 0001:000D3B36  5243 0001:000D3B3A  5217 0001:000D3B3B
  5246 0001:000D3B43  5247 0001:000D3B47  5249 0001:000D3B51  5250 0001:000D3B58
  5255 0001:000D3B64  5256 0001:000D3B79  5257 0001:000D3B82  5258 0001:000D3B85
  5259 0001:000D3B8C  5262 0001:000D3BA8  5263 0001:000D3BAC  5264 0001:000D3BC0
  5265 0001:000D3BC9  5277 0001:000D3BD0  5278 0001:000D3BD9  5279 0001:000D3BE0
  5280 0001:000D3BED  5281 0001:000D3BFB  5282 0001:000D3BFD  5285 0001:000D3C06
  5286 0001:000D3C1A  5287 0001:000D3C23  5288 0001:000D3C24  5283 0001:000D3C26
  5291 0001:000D3C38  5293 0001:000D3C4D  5304 0001:000D3C54  5305 0001:000D3C57
  5307 0001:000D3C5B  5308 0001:000D3C64  5310 0001:000D3C75  5312 0001:000D3C81
  5371 0001:000D3C84  5372 0001:000D3CA6  5373 0001:000D3CAA  5375 0001:000D3CBC
  5376 0001:000D3CC8  5377 0001:000D3CD6  5378 0001:000D3CE1  5380 0001:000D3CF8
  5381 0001:000D3CFC  5382 0001:000D3CFE  5377 0001:000D3CFF  5384 0001:000D3D0F
  5387 0001:000D3D2B  5389 0001:000D3D4F  5390 0001:000D3D59  5391 0001:000D3D67
  5392 0001:000D3D84  5393 0001:000D3D8A  5394 0001:000D3D9E  5396 0001:000D3DBC
  5397 0001:000D3DC0  5398 0001:000D3DC2  5393 0001:000D3DC3  5400 0001:000D3DD3
  5403 0001:000D3DE5  5407 0001:000D3E14  5408 0001:000D3E22  5412 0001:000D3E6E
  5413 0001:000D3E77  5414 0001:000D3E88  5415 0001:000D3E91  5417 0001:000D3E96
  5421 0001:000D3EA0  5422 0001:000D3EA9  5425 0001:000D3EAC  5426 0001:000D3ECB
  5428 0001:000D3ED0  5432 0001:000D3ED4  5434 0001:000D3EDD  5435 0001:000D3EE7
  5438 0001:000D3EEF  5439 0001:000D3EF1  6246 0001:000D3EF4  6247 0001:000D3EF7
  6248 0001:000D3F03  6249 0001:000D3F12  6252 0001:000D3F16  6257 0001:000D3F1A
  6258 0001:000D3F25  6260 0001:000D3F2A  6307 0001:000D3F90  6309 0001:000D3FB2
  6310 0001:000D3FC4  6311 0001:000D3FD6  6312 0001:000D3FE8  6313 0001:000D3FFA
  6314 0001:000D400C  6315 0001:000D401E  6316 0001:000D4030  6317 0001:000D4042
  6319 0001:000D4054  6321 0001:000D405E

Line numbers for JclDebug(JclDebug.pas) segment .itext

  6290 0002:00000DAC  6291 0002:00000DB5  6292 0002:00000DC6  6293 0002:00000DD7
  6294 0002:00000DE8  6299 0002:00000DF2

Line numbers for Cromis.Exceptions(Cromis.Exceptions.pas) segment .text

    80 0001:000D5AB4    81 0001:000D5AD3    83 0001:000D5AE2    84 0001:000D5AF1
    85 0001:000D5AFF    86 0001:000D5B24    87 0001:000D5B34    88 0001:000D5B41
    91 0001:000D5B4E    93 0001:000D5B80    96 0001:000D5B90   100 0001:000D5C90
   101 0001:000D5C98   106 0001:000D5C9C   107 0001:000D5CAE   108 0001:000D5CBF
   109 0001:000D5CC8   112 0001:000D5CE4   113 0001:000D5CEF   115 0001:000D5CFF
   116 0001:000D5D0B   119 0001:000D5D1C   120 0001:000D5D25   122 0001:000D5D2D
   123 0001:000D5D34   124 0001:000D5D3E   127 0001:000D5D44   128 0001:000D5D47
   130 0001:000D5D4C   132 0001:000D5D50   133 0001:000D5D5A   137 0001:000D5D69
   138 0001:000D5D75   140 0001:000D5D80   155 0001:000D5D84   156 0001:000D5D91
   157 0001:000D5D96   159 0001:000D5DA8

Line numbers for Cromis.Exceptions(Cromis.Exceptions.pas) segment .itext

   142 0002:00000E28   144 0002:00000E31   145 0002:00000E3A   148 0002:00000E43
   151 0002:00000E54   152 0002:00000E59   154 0002:00000E5E

Line numbers for SimpleLogDemo.MainForm(SimpleLogDemo.MainForm.pas) segment .text

    37 0001:000D61D0    38 0001:000D61E6    39 0001:000D61F4    41 0001:000D6219
    42 0001:000D621B    44 0001:000D6246    48 0001:000D62E8    49 0001:000D62FE
    50 0001:000D6314    51 0001:000D632A    52 0001:000D6340    58 0001:000D6408
    59 0001:000D6412    64 0001:000D643C    65 0001:000D6454    66 0001:000D6474
    67 0001:000D649F    68 0001:000D64CA    69 0001:000D64D8    70 0001:000D64EC
    71 0001:000D64F5    73 0001:000D65B3

Line numbers for SimpleLogDemo(SimpleLogDemo.dpr) segment .itext

     9 0002:00000E60    10 0002:00000E70    11 0002:00000E7C    12 0002:00000E94
    13 0002:00000EA0

Bound resource files

c:\program files (x86)\embarcadero\rad studio\7.0\lib\character.res
c:\program files (x86)\embarcadero\rad studio\7.0\lib\Controls.res
s:\IT\trunk\pas\lib\jcl\source\common\JclUnicode.res
SimpleLogDemo.MainForm.dfm
SimpleLogDemo.res
SimpleLogDemo.drf


Program entry point at 0002:00000E60
